Component: ARM Compiler 5.06 update 7 (build 960) Tool: armlink [4d3601]

==============================================================================

Section Cross References

    startup_stm32f427xx.o(RESET) refers to startup_stm32f427xx.o(STACK) for __initial_sp
    startup_stm32f427xx.o(RESET) refers to startup_stm32f427xx.o(.text) for Reset_Handler
    startup_stm32f427xx.o(RESET) refers to stm32f4xx_it.o(i.NMI_Handler) for NMI_Handler
    startup_stm32f427xx.o(RESET) refers to stm32f4xx_it.o(i.HardFault_Handler) for HardFault_Handler
    startup_stm32f427xx.o(RESET) refers to stm32f4xx_it.o(i.MemManage_Handler) for MemManage_Handler
    startup_stm32f427xx.o(RESET) refers to stm32f4xx_it.o(i.BusFault_Handler) for BusFault_Handler
    startup_stm32f427xx.o(RESET) refers to stm32f4xx_it.o(i.UsageFault_Handler) for UsageFault_Handler
    startup_stm32f427xx.o(RESET) refers to port.o(.emb_text) for SVC_Handler
    startup_stm32f427xx.o(RESET) refers to stm32f4xx_it.o(i.DebugMon_Handler) for DebugMon_Handler
    startup_stm32f427xx.o(RESET) refers to port.o(i.SysTick_Handler) for SysTick_Handler
    startup_stm32f427xx.o(RESET) refers to stm32f4xx_it.o(i.CAN1_RX0_IRQHandler) for CAN1_RX0_IRQHandler
    startup_stm32f427xx.o(RESET) refers to stm32f4xx_it.o(i.TIM1_UP_TIM10_IRQHandler) for TIM1_UP_TIM10_IRQHandler
    startup_stm32f427xx.o(RESET) refers to stm32f4xx_it.o(i.USART1_IRQHandler) for USART1_IRQHandler
    startup_stm32f427xx.o(RESET) refers to stm32f4xx_it.o(i.DMA2_Stream0_IRQHandler) for DMA2_Stream0_IRQHandler
    startup_stm32f427xx.o(RESET) refers to stm32f4xx_it.o(i.DMA2_Stream2_IRQHandler) for DMA2_Stream2_IRQHandler
    startup_stm32f427xx.o(RESET) refers to stm32f4xx_it.o(i.CAN2_RX0_IRQHandler) for CAN2_RX0_IRQHandler
    startup_stm32f427xx.o(RESET) refers to stm32f4xx_it.o(i.USART6_IRQHandler) for USART6_IRQHandler
    startup_stm32f427xx.o(.text) refers to system_stm32f4xx.o(i.SystemInit) for SystemInit
    startup_stm32f427xx.o(.text) refers to entry.o(.ARM.Collect$$$$00000000) for __main
    bsp_uart.o(i.dbus_uart_init) refers to stm32f4xx_hal_dma.o(i.HAL_DMA_Start) for HAL_DMA_Start
    bsp_uart.o(i.dbus_uart_init) refers to usart.o(.bss) for huart1
    bsp_uart.o(i.dbus_uart_init) refers to bsp_uart.o(.bss) for .bss
    bsp_uart.o(i.get_remote_control_point) refers to bsp_uart.o(.bss) for .bss
    bsp_uart.o(i.uart_receive_handler) refers to bsp_uart.o(i.rc_callback_handler) for rc_callback_handler
    bsp_uart.o(i.uart_receive_handler) refers to usart.o(.bss) for huart1
    bsp_uart.o(i.uart_receive_handler) refers to bsp_uart.o(.bss) for .bss
    main.o(i.HAL_TIM_PeriodElapsedCallback) refers to stm32f4xx_hal.o(i.HAL_IncTick) for HAL_IncTick
    main.o(i.SystemClock_Config) refers to memseta.o(.text) for __aeabi_memclr4
    main.o(i.SystemClock_Config) refers to stm32f4xx_hal_rcc.o(i.HAL_RCC_OscConfig) for HAL_RCC_OscConfig
    main.o(i.SystemClock_Config) refers to stm32f4xx_hal_rcc.o(i.HAL_RCC_ClockConfig) for HAL_RCC_ClockConfig
    main.o(i.main) refers to stm32f4xx_hal.o(i.HAL_Init) for HAL_Init
    main.o(i.main) refers to main.o(i.SystemClock_Config) for SystemClock_Config
    main.o(i.main) refers to gpio.o(i.MX_GPIO_Init) for MX_GPIO_Init
    main.o(i.main) refers to dma.o(i.MX_DMA_Init) for MX_DMA_Init
    main.o(i.main) refers to usart.o(i.MX_USART6_UART_Init) for MX_USART6_UART_Init
    main.o(i.main) refers to usart.o(i.MX_USART1_UART_Init) for MX_USART1_UART_Init
    main.o(i.main) refers to can.o(i.MX_CAN1_Init) for MX_CAN1_Init
    main.o(i.main) refers to can.o(i.MX_CAN2_Init) for MX_CAN2_Init
    main.o(i.main) refers to adc.o(i.MX_ADC1_Init) for MX_ADC1_Init
    main.o(i.main) refers to gpio.o(i.led_off) for led_off
    main.o(i.main) refers to bsp_uart.o(i.dbus_uart_init) for dbus_uart_init
    main.o(i.main) refers to bsp_can.o(i.can_filter_init) for can_filter_init
    main.o(i.main) refers to stm32f4xx_hal_gpio.o(i.HAL_GPIO_WritePin) for HAL_GPIO_WritePin
    main.o(i.main) refers to stm32f4xx_hal_adc.o(i.HAL_ADC_Start_DMA) for HAL_ADC_Start_DMA
    main.o(i.main) refers to freertos.o(i.MX_FREERTOS_Init) for MX_FREERTOS_Init
    main.o(i.main) refers to cmsis_os.o(i.osKernelStart) for osKernelStart
    main.o(i.main) refers to main.o(.data) for .data
    main.o(i.main) refers to adc.o(.bss) for hadc1
    gpio.o(i.MX_GPIO_Init) refers to memseta.o(.text) for __aeabi_memclr4
    gpio.o(i.MX_GPIO_Init) refers to stm32f4xx_hal_gpio.o(i.HAL_GPIO_WritePin) for HAL_GPIO_WritePin
    gpio.o(i.MX_GPIO_Init) refers to stm32f4xx_hal_gpio.o(i.HAL_GPIO_Init) for HAL_GPIO_Init
    gpio.o(i.led_off) refers to stm32f4xx_hal_gpio.o(i.HAL_GPIO_WritePin) for HAL_GPIO_WritePin
    freertos.o(i.MX_FREERTOS_Init) refers to memcpya.o(.text) for __aeabi_memcpy4
    freertos.o(i.MX_FREERTOS_Init) refers to cmsis_os.o(i.osThreadCreate) for osThreadCreate
    freertos.o(i.MX_FREERTOS_Init) refers to freertos.o(.constdata) for .constdata
[...]
    handlers.s                               0x00000000   Number         0  handlers.o ABSOLUTE
    init.s                                   0x00000000   Number         0  init.o ABSOLUTE
    startup_stm32f427xx.s                    0x00000000   Number         0  startup_stm32f427xx.o ABSOLUTE
    RESET                                    0x08000000   Section      428  startup_stm32f427xx.o(RESET)
    .ARM.Collect$$$$00000000                 0x080001ac   Section        0  entry.o(.ARM.Collect$$$$00000000)
    .ARM.Collect$$$$00000001                 0x080001ac   Section        4  entry2.o(.ARM.Collect$$$$00000001)
    .ARM.Collect$$$$00000004                 0x080001b0   Section        4  entry5.o(.ARM.Collect$$$$00000004)
    .ARM.Collect$$$$00000008                 0x080001b4   Section        0  entry7b.o(.ARM.Collect$$$$00000008)
    .ARM.Collect$$$$0000000A                 0x080001b4   Section        0  entry8b.o(.ARM.Collect$$$$0000000A)
    .ARM.Collect$$$$0000000B                 0x080001b4   Section        8  entry9a.o(.ARM.Collect$$$$0000000B)
    .ARM.Collect$$$$0000000E                 0x080001bc   Section        4  entry12b.o(.ARM.Collect$$$$0000000E)
    .ARM.Collect$$$$0000000F                 0x080001c0   Section        0  entry10a.o(.ARM.Collect$$$$0000000F)
    .ARM.Collect$$$$00000011                 0x080001c0   Section        0  entry11a.o(.ARM.Collect$$$$00000011)
    .ARM.Collect$$$$00002712                 0x080001c0   Section        4  entry2.o(.ARM.Collect$$$$00002712)
    __lit__00000000                          0x080001c0   Data           4  entry2.o(.ARM.Collect$$$$00002712)
    .emb_text                                0x080001c4   Section      190  port.o(.emb_text)
    $v0                                      0x080001c4   Number         0  port.o(.emb_text)
    .text                                    0x08000284   Section       36  startup_stm32f427xx.o(.text)
    $v0                                      0x08000284   Number         0  startup_stm32f427xx.o(.text)
    .text                                    0x080002a8   Section        0  uldiv.o(.text)
    .text                                    0x0800030a   Section        0  memcpya.o(.text)
    .text                                    0x0800032e   Section        0  memseta.o(.text)
    .text                                    0x08000352   Section        0  dadd.o(.text)
    .text                                    0x080004a0   Section        0  ddiv.o(.text)
    .text                                    0x0800057e   Section        0  f2d.o(.text)
    .text                                    0x080005a4   Section        0  d2f.o(.text)
    .text                                    0x080005dc   Section        0  llshl.o(.text)
    .text                                    0x080005fa   Section        0  llushr.o(.text)
    .text                                    0x0800061a   Section        0  llsshr.o(.text)
    .text                                    0x0800063e   Section        0  iusefp.o(.text)
    .text                                    0x0800063e   Section        0  fepilogue.o(.text)
    .text                                    0x080006ac   Section        0  depilogue.o(.text)
    .text                                    0x08000768   Section       36  init.o(.text)
    i.ADC_DMAConvCplt                        0x0800078c   Section        0  stm32f4xx_hal_adc.o(i.ADC_DMAConvCplt)
    ADC_DMAConvCplt                          0x0800078d   Thumb Code   116  stm32f4xx_hal_adc.o(i.ADC_DMAConvCplt)
    i.ADC_DMAError                           0x08000800   Section        0  stm32f4xx_hal_adc.o(i.ADC_DMAError)
    ADC_DMAError                             0x08000801   Thumb Code    22  stm32f4xx_hal_adc.o(i.ADC_DMAError)
    i.ADC_DMAHalfConvCplt                    0x08000816   Section        0  stm32f4xx_hal_adc.o(i.ADC_DMAHalfConvCplt)
    ADC_DMAHalfConvCplt                      0x08000817   Thumb Code    10  stm32f4xx_hal_adc.o(i.ADC_DMAHalfConvCplt)
    i.ADC_Init                               0x08000820   Section        0  stm32f4xx_hal_adc.o(i.ADC_Init)
    ADC_Init                                 0x08000821   Thumb Code   298  stm32f4xx_hal_adc.o(i.ADC_Init)
    i.BusFault_Handler                       0x08000950   Section        0  stm32f4xx_it.o(i.BusFault_Handler)
    i.CAN1_RX0_IRQHandler                    0x08000954   Section        0  stm32f4xx_it.o(i.CAN1_RX0_IRQHandler)
    i.CAN2_RX0_IRQHandler                    0x08000960   Section        0  stm32f4xx_it.o(i.CAN2_RX0_IRQHandler)
    i.CAN_cmd_chassis                        0x0800096c   Section        0  can_receive.o(i.CAN_cmd_chassis)
    i.DMA2_Stream0_IRQHandler                0x080009b4   Section        0  stm32f4xx_it.o(i.DMA2_Stream0_IRQHandler)
    i.DMA2_Stream2_IRQHandler                0x080009c0   Section        0  stm32f4xx_it.o(i.DMA2_Stream2_IRQHandler)
    i.DMA_CalcBaseAndBitshift                0x080009cc   Section        0  stm32f4xx_hal_dma.o(i.DMA_CalcBaseAndBitshift)
    DMA_CalcBaseAndBitshift                  0x080009cd   Thumb Code    44  stm32f4xx_hal_dma.o(i.DMA_CalcBaseAndBitshift)
    i.DMA_CheckFifoParam                     0x08000a00   Section        0  stm32f4xx_hal_dma.o(i.DMA_CheckFifoParam)
    DMA_CheckFifoParam                       0x08000a01   Thumb Code   126  stm32f4xx_hal_dma.o(i.DMA_CheckFifoParam)
    i.DMA_SetConfig                          0x08000a7e   Section        0  stm32f4xx_hal_dma.o(i.DMA_SetConfig)
    DMA_SetConfig                            0x08000a7f   Thumb Code    56  stm32f4xx_hal_dma.o(i.DMA_SetConfig)
    i.DebugMon_Handler                       0x08000ab6   Section        0  stm32f4xx_it.o(i.DebugMon_Handler)
    i.Error_Handler                          0x08000ab8   Section        0  main.o(i.Error_Handler)
    i.HAL_ADC_ConfigChannel                  0x08000abc   Section        0  stm32f4xx_hal_adc.o(i.HAL_ADC_ConfigChannel)
    i.HAL_ADC_ConvCpltCallback               0x08000c48   Section        0  stm32f4xx_hal_adc.o(i.HAL_ADC_ConvCpltCallback)
    i.HAL_ADC_ConvHalfCpltCallback           0x08000c4a   Section        0  stm32f4xx_hal_adc.o(i.HAL_ADC_ConvHalfCpltCallback)
    i.HAL_ADC_ErrorCallback                  0x08000c4c   Section        0  stm32f4xx_hal_adc.o(i.HAL_ADC_ErrorCallback)
    i.HAL_ADC_Init                           0x08000c4e   Section        0  stm32f4xx_hal_adc.o(i.HAL_ADC_Init)
    i.HAL_ADC_MspInit                        0x08000ca4   Section        0  adc.o(i.HAL_ADC_MspInit)
    i.HAL_ADC_Start_DMA                      0x08000d40   Section        0  stm32f4xx_hal_adc.o(i.HAL_ADC_Start_DMA)
    i.HAL_CAN_ActivateNotification           0x08000ed4   Section        0  stm32f4xx_hal_can.o(i.HAL_CAN_ActivateNotification)
    i.HAL_CAN_AddTxMessage                   0x08000ef8   Section        0  stm32f4xx_hal_can.o(i.HAL_CAN_AddTxMessage)
    i.HAL_CAN_ConfigFilter                   0x08000ffc   Section        0  stm32f4xx_hal_can.o(i.HAL_CAN_ConfigFilter)
    i.HAL_CAN_ErrorCallback                  0x08001124   Section        0  stm32f4xx_hal_can.o(i.HAL_CAN_ErrorCallback)
    i.HAL_CAN_GetRxMessage                   0x08001126   Section        0  stm32f4xx_hal_can.o(i.HAL_CAN_GetRxMessage)
    i.HAL_CAN_IRQHandler                     0x08001292   Section        0  stm32f4xx_hal_can.o(i.HAL_CAN_IRQHandler)
    i.HAL_CAN_Init                           0x080014c6   Section        0  stm32f4xx_hal_can.o(i.HAL_CAN_Init)
    i.HAL_CAN_MspInit                        0x08001630   Section        0  can.o(i.HAL_CAN_MspInit)
    i.HAL_CAN_RxFifo0FullCallback            0x0800172c   Section        0  stm32f4xx_hal_can.o(i.HAL_CAN_RxFifo0FullCallback)
    i.HAL_CAN_RxFifo0MsgPendingCallback      0x08001730   Section        0  can_receive.o(i.HAL_CAN_RxFifo0MsgPendingCallback)
    i.HAL_CAN_RxFifo1FullCallback            0x0800178c   Section        0  stm32f4xx_hal_can.o(i.HAL_CAN_RxFifo1FullCallback)
    i.HAL_CAN_RxFifo1MsgPendingCallback      0x0800178e   Section        0  stm32f4xx_hal_can.o(i.HAL_CAN_RxFifo1MsgPendingCallback)
    i.HAL_CAN_SleepCallback                  0x08001790   Section        0  stm32f4xx_hal_can.o(i.HAL_CAN_SleepCallback)
    i.HAL_CAN_Start                          0x08001792   Section        0  stm32f4xx_hal_can.o(i.HAL_CAN_Start)
    i.HAL_CAN_TxMailbox0AbortCallback        0x080017f6   Section        0  stm32f4xx_hal_can.o(i.HAL_CAN_TxMailbox0AbortCallback)
    i.HAL_CAN_TxMailbox0CompleteCallback     0x080017f8   Section        0  stm32f4xx_hal_can.o(i.HAL_CAN_TxMailbox0CompleteCallback)
    i.HAL_CAN_TxMailbox1AbortCallback        0x080017fa   Section        0  stm32f4xx_hal_can.o(i.HAL_CAN_TxMailbox1AbortCallback)
    i.HAL_CAN_TxMailbox1CompleteCallback     0x080017fc   Section        0  stm32f4xx_hal_can.o(i.HAL_CAN_TxMailbox1CompleteCallback)
    i.HAL_CAN_TxMailbox2AbortCallback        0x080017fe   Section        0  stm32f4xx_hal_can.o(i.HAL_CAN_TxMailbox2AbortCallback)
    i.HAL_CAN_TxMailbox2CompleteCallback     0x08001800   Section        0  stm32f4xx_hal_can.o(i.HAL_CAN_TxMailbox2CompleteCallback)
    i.HAL_CAN_WakeUpFromRxMsgCallback        0x08001802   Section        0  stm32f4xx_hal_can.o(i.HAL_CAN_WakeUpFromRxMsgCallback)
    i.HAL_DMA_Abort                          0x08001804   Section        0  stm32f4xx_hal_dma.o(i.HAL_DMA_Abort)
    i.HAL_DMA_Abort_IT                       0x080018a6   Section        0  stm32f4xx_hal_dma.o(i.HAL_DMA_Abort_IT)
    i.HAL_DMA_IRQHandler                     0x080018cc   Section        0  stm32f4xx_hal_dma.o(i.HAL_DMA_IRQHandler)
    i.HAL_DMA_Init                           0x08001ab8   Section        0  stm32f4xx_hal_dma.o(i.HAL_DMA_Init)
    i.HAL_DMA_Start                          0x08001ba4   Section        0  stm32f4xx_hal_dma.o(i.HAL_DMA_Start)
    i.HAL_DMA_Start_IT                       0x08001bee   Section        0  stm32f4xx_hal_dma.o(i.HAL_DMA_Start_IT)
    i.HAL_GPIO_Init                          0x08001c60   Section        0  stm32f4xx_hal_gpio.o(i.HAL_GPIO_Init)
    i.HAL_GPIO_WritePin                      0x08001eac   Section        0  stm32f4xx_hal_gpio.o(i.HAL_GPIO_WritePin)
    i.HAL_GetTick                            0x08001ebc   Section        0  stm32f4xx_hal.o(i.HAL_GetTick)
    i.HAL_IncTick                            0x08001ec8   Section        0  stm32f4xx_hal.o(i.HAL_IncTick)
    i.HAL_Init                               0x08001ed8   Section        0  stm32f4xx_hal.o(i.HAL_Init)
    i.HAL_InitTick                           0x08001f0c   Section        0  stm32f4xx_hal_timebase_tim.o(i.HAL_InitTick)
    i.HAL_MspInit                            0x08001f80   Section        0  stm32f4xx_hal_msp.o(i.HAL_MspInit)
    i.HAL_NVIC_EnableIRQ                     0x08001fb8   Section        0  stm32f4xx_hal_cortex.o(i.HAL_NVIC_EnableIRQ)
    i.HAL_NVIC_SetPriority                   0x08001fd4   Section        0  stm32f4xx_hal_cortex.o(i.HAL_NVIC_SetPriority)
    i.HAL_NVIC_SetPriorityGrouping           0x0800203c   Section        0  stm32f4xx_hal_cortex.o(i.HAL_NVIC_SetPriorityGrouping)
    i.HAL_RCC_ClockConfig                    0x08002060   Section        0  stm32f4xx_hal_rcc.o(i.HAL_RCC_ClockConfig)
    i.HAL_RCC_GetClockConfig                 0x080021dc   Section        0  stm32f4xx_hal_rcc.o(i.HAL_RCC_GetClockConfig)
    i.HAL_RCC_GetHCLKFreq                    0x08002218   Section        0  stm32f4xx_hal_rcc.o(i.HAL_RCC_GetHCLKFreq)
    i.HAL_RCC_GetPCLK1Freq                   0x08002224   Section        0  stm32f4xx_hal_rcc.o(i.HAL_RCC_GetPCLK1Freq)
    i.HAL_RCC_GetPCLK2Freq                   0x08002244   Section        0  stm32f4xx_hal_rcc.o(i.HAL_RCC_GetPCLK2Freq)
    i.HAL_RCC_GetSysClockFreq                0x08002264   Section        0  stm32f4xx_hal_rcc.o(i.HAL_RCC_GetSysClockFreq)
    i.HAL_RCC_OscConfig                      0x080022d4   Section        0  stm32f4xx_hal_rcc.o(i.HAL_RCC_OscConfig)
    i.HAL_TIMEx_BreakCallback                0x08002756   Section        0  stm32f4xx_hal_tim_ex.o(i.HAL_TIMEx_BreakCallback)
    i.HAL_TIMEx_CommutCallback               0x08002758   Section        0  stm32f4xx_hal_tim_ex.o(i.HAL_TIMEx_CommutCallback)
    i.HAL_TIM_Base_Init                      0x0800275a   Section        0  stm32f4xx_hal_tim.o(i.HAL_TIM_Base_Init)
    i.HAL_TIM_Base_MspInit                   0x080027b6   Section        0  stm32f4xx_hal_tim.o(i.HAL_TIM_Base_MspInit)
    i.HAL_TIM_Base_Start_IT                  0x080027b8   Section        0  stm32f4xx_hal_tim.o(i.HAL_TIM_Base_Start_IT)
    i.HAL_TIM_IC_CaptureCallback             0x08002842   Section        0  stm32f4xx_hal_tim.o(i.HAL_TIM_IC_CaptureCallback)
    i.HAL_TIM_IRQHandler                     0x08002844   Section        0  stm32f4xx_hal_tim.o(i.HAL_TIM_IRQHandler)
    i.HAL_TIM_OC_DelayElapsedCallback        0x080029b8   Section        0  stm32f4xx_hal_tim.o(i.HAL_TIM_OC_DelayElapsedCallback)
    i.HAL_TIM_PWM_PulseFinishedCallback      0x080029ba   Section        0  stm32f4xx_hal_tim.o(i.HAL_TIM_PWM_PulseFinishedCallback)
    i.HAL_TIM_PeriodElapsedCallback          0x080029bc   Section        0  main.o(i.HAL_TIM_PeriodElapsedCallback)
    i.HAL_TIM_TriggerCallback                0x080029d0   Section        0  stm32f4xx_hal_tim.o(i.HAL_TIM_TriggerCallback)
    i.HAL_UARTEx_RxEventCallback             0x080029d2   Section        0  stm32f4xx_hal_uart.o(i.HAL_UARTEx_RxEventCallback)
    i.HAL_UART_ErrorCallback                 0x080029d4   Section        0  stm32f4xx_hal_uart.o(i.HAL_UART_ErrorCallback)
    i.HAL_UART_IRQHandler                    0x080029d8   Section        0  stm32f4xx_hal_uart.o(i.HAL_UART_IRQHandler)
    i.HAL_UART_Init                          0x08002c38   Section        0  stm32f4xx_hal_uart.o(i.HAL_UART_Init)
    i.HAL_UART_MspInit                       0x08002c9c   Section        0  usart.o(i.HAL_UART_MspInit)
    i.HAL_UART_RxCpltCallback                0x08002d9c   Section        0  stm32f4xx_hal_uart.o(i.HAL_UART_RxCpltCallback)
    i.HAL_UART_TxCpltCallback                0x08002d9e   Section        0  stm32f4xx_hal_uart.o(i.HAL_UART_TxCpltCallback)
    i.HardFault_Handler                      0x08002da0   Section        0  stm32f4xx_it.o(i.HardFault_Handler)
    i.MX_ADC1_Init                           0x08002da4   Section        0  adc.o(i.MX_ADC1_Init)
    i.MX_CAN1_Init                           0x08002e1c   Section        0  can.o(i.MX_CAN1_Init)
    i.MX_CAN2_Init                           0x08002e60   Section        0  can.o(i.MX_CAN2_Init)
    i.MX_DMA_Init                            0x08002ea4   Section        0  dma.o(i.MX_DMA_Init)
    i.MX_FREERTOS_Init                       0x08002ee0   Section        0  freertos.o(i.MX_FREERTOS_Init)
    i.MX_GPIO_Init                           0x08002f1c   Section        0  gpio.o(i.MX_GPIO_Init)
    i.MX_USART1_UART_Init                    0x08003008   Section        0  usart.o(i.MX_USART1_UART_Init)
    i.MX_USART6_UART_Init                    0x08003048   Section        0  usart.o(i.MX_USART6_UART_Init)
    i.MemManage_Handler                      0x08003080   Section        0  stm32f4xx_it.o(i.MemManage_Handler)
    i.NMI_Handler                            0x08003082   Section        0  stm32f4xx_it.o(i.NMI_Handler)
    i.PID_calc                               0x08003084   Section        0  pid.o(i.PID_calc)
    i.PID_init                               0x080031ac   Section        0  pid.o(i.PID_init)
    i.StartDefaultTask                       0x08003208   Section        0  freertos.o(i.StartDefaultTask)
    i.SysTick_Handler                        0x08003210   Section        0  port.o(i.SysTick_Handler)
    i.SystemClock_Config                     0x0800323c   Section        0  main.o(i.SystemClock_Config)
    i.SystemInit                             0x080032cc   Section        0  system_stm32f4xx.o(i.SystemInit)
    i.TIM1_UP_TIM10_IRQHandler               0x08003324   Section        0  stm32f4xx_it.o(i.TIM1_UP_TIM10_IRQHandler)
    i.TIM_Base_SetConfig                     0x08003330   Section        0  stm32f4xx_hal_tim.o(i.TIM_Base_SetConfig)
    i.UART_DMAAbortOnError                   0x080033fc   Section        0  stm32f4xx_hal_uart.o(i.UART_DMAAbortOnError)
    UART_DMAAbortOnError                     0x080033fd   Thumb Code    16  stm32f4xx_hal_uart.o(i.UART_DMAAbortOnError)
    i.UART_EndRxTransfer                     0x0800340c   Section        0  stm32f4xx_hal_uart.o(i.UART_EndRxTransfer)
    UART_EndRxTransfer                       0x0800340d   Thumb Code    78  stm32f4xx_hal_uart.o(i.UART_EndRxTransfer)
    i.UART_EndTransmit_IT                    0x0800345a   Section        0  stm32f4xx_hal_uart.o(i.UART_EndTransmit_IT)
    UART_EndTransmit_IT                      0x0800345b   Thumb Code    26  stm32f4xx_hal_uart.o(i.UART_EndTransmit_IT)
    i.UART_Receive_IT                        0x08003474   Section        0  stm32f4xx_hal_uart.o(i.UART_Receive_IT)
    UART_Receive_IT                          0x08003475   Thumb Code   200  stm32f4xx_hal_uart.o(i.UART_Receive_IT)
    i.UART_SetConfig                         0x0800353c   Section        0  stm32f4xx_hal_uart.o(i.UART_SetConfig)
    UART_SetConfig                           0x0800353d   Thumb Code   248  stm32f4xx_hal_uart.o(i.UART_SetConfig)
    i.UART_Transmit_IT                       0x08003638   Section        0  stm32f4xx_hal_uart.o(i.UART_Transmit_IT)
    UART_Transmit_IT                         0x08003639   Thumb Code    94  stm32f4xx_hal_uart.o(i.UART_Transmit_IT)
    i.USART1_IRQHandler                      0x08003698   Section        0  stm32f4xx_it.o(i.USART1_IRQHandler)
    i.USART6_IRQHandler                      0x080036b0   Section        0  stm32f4xx_it.o(i.USART6_IRQHandler)
    i.UsageFault_Handler                     0x080036bc   Section        0  stm32f4xx_it.o(i.UsageFault_Handler)
    i.__scatterload_copy                     0x080036be   Section       14  handlers.o(i.__scatterload_copy)
    i.__scatterload_null                     0x080036cc   Section        2  handlers.o(i.__scatterload_null)
    i.__scatterload_zeroinit                 0x080036ce   Section       14  handlers.o(i.__scatterload_zeroinit)
    i.calc_distance                          0x080036dc   Section        0  psd_adc.o(i.calc_distance)
    i.calc_voltage                           0x0800379c   Section        0  psd_adc.o(i.calc_voltage)
    i.can_filter_init                        0x080037c0   Section        0  bsp_can.o(i.can_filter_init)
    i.chassis_task                           0x08003818   Section        0  chassis_task.o(i.chassis_task)
    i.dbus_uart_init                         0x08003924   Section        0  bsp_uart.o(i.dbus_uart_init)
    i.get_chassis_motor_measure_point        0x0800396c   Section        0  can_receive.o(i.get_chassis_motor_measure_point)
    i.get_remote_control_point               0x08003980   Section        0  bsp_uart.o(i.get_remote_control_point)
    i.led_off                                0x08003988   Section        0  gpio.o(i.led_off)
    i.main                                   0x080039ac   Section        0  main.o(i.main)
    i.makeFreeRtosPriority                   0x08003a08   Section        0  cmsis_os.o(i.makeFreeRtosPriority)
    makeFreeRtosPriority                     0x08003a09   Thumb Code    12  cmsis_os.o(i.makeFreeRtosPriority)
    i.osDelay                                0x08003a14   Section        0  cmsis_os.o(i.osDelay)
    i.osKernelStart                          0x08003a24   Section        0  cmsis_os.o(i.osKernelStart)
    i.osThreadCreate                         0x08003a2e   Section        0  cmsis_os.o(i.osThreadCreate)
    i.prvAddCurrentTaskToDelayedList         0x08003a8c   Section        0  tasks.o(i.prvAddCurrentTaskToDelayedList)
    prvAddCurrentTaskToDelayedList           0x08003a8d   Thumb Code   110  tasks.o(i.prvAddCurrentTaskToDelayedList)
    i.prvAddNewTaskToReadyList               0x08003b04   Section        0  tasks.o(i.prvAddNewTaskToReadyList)
    prvAddNewTaskToReadyList                 0x08003b05   Thumb Code   124  tasks.o(i.prvAddNewTaskToReadyList)
    i.prvCheckTasksWaitingTermination        0x08003b8c   Section        0  tasks.o(i.prvCheckTasksWaitingTermination)
    prvCheckTasksWaitingTermination          0x08003b8d   Thumb Code    56  tasks.o(i.prvCheckTasksWaitingTermination)
    i.prvDeleteTCB                           0x08003bcc   Section        0  tasks.o(i.prvDeleteTCB)
    prvDeleteTCB                             0x08003bcd   Thumb Code    64  tasks.o(i.prvDeleteTCB)
    i.prvHeapInit                            0x08003c0c   Section        0  heap_4.o(i.prvHeapInit)
    prvHeapInit                              0x08003c0d   Thumb Code    70  heap_4.o(i.prvHeapInit)
    i.prvIdleTask                            0x08003c5c   Section        0  tasks.o(i.prvIdleTask)
    prvIdleTask                              0x08003c5d   Thumb Code    30  tasks.o(i.prvIdleTask)
    i.prvInitialiseNewTask                   0x08003c84   Section        0  tasks.o(i.prvInitialiseNewTask)
    prvInitialiseNewTask                     0x08003c85   Thumb Code   126  tasks.o(i.prvInitialiseNewTask)
    i.prvInitialiseTaskLists                 0x08003d04   Section        0  tasks.o(i.prvInitialiseTaskLists)
    prvInitialiseTaskLists                   0x08003d05   Thumb Code    66  tasks.o(i.prvInitialiseTaskLists)
    i.prvInsertBlockIntoFreeList             0x08003d64   Section        0  heap_4.o(i.prvInsertBlockIntoFreeList)
    prvInsertBlockIntoFreeList               0x08003d65   Thumb Code    84  heap_4.o(i.prvInsertBlockIntoFreeList)
    i.prvResetNextTaskUnblockTime            0x08003dc0   Section        0  tasks.o(i.prvResetNextTaskUnblockTime)
    prvResetNextTaskUnblockTime              0x08003dc1   Thumb Code    30  tasks.o(i.prvResetNextTaskUnblockTime)
    i.prvTaskExitError                       0x08003de4   Section        0  port.o(i.prvTaskExitError)
    prvTaskExitError                         0x08003de5   Thumb Code    42  port.o(i.prvTaskExitError)
    i.pvPortMalloc                           0x08003e14   Section        0  heap_4.o(i.pvPortMalloc)
    i.pxPortInitialiseStack                  0x08003efc   Section        0  port.o(i.pxPortInitialiseStack)
    i.rc_callback_handler                    0x08003f28   Section        0  bsp_uart.o(i.rc_callback_handler)
    i.uart_receive_handler                   0x08003fb4   Section        0  bsp_uart.o(i.uart_receive_handler)
    i.uxListRemove                           0x08004014   Section        0  list.o(i.uxListRemove)
    i.vApplicationGetIdleTaskMemory          0x0800403c   Section        0  freertos.o(i.vApplicationGetIdleTaskMemory)
    i.vListInitialise                        0x08004050   Section        0  list.o(i.vListInitialise)
    i.vListInitialiseItem                    0x08004066   Section        0  list.o(i.vListInitialiseItem)
    i.vListInsert                            0x0800406c   Section        0  list.o(i.vListInsert)
    i.vListInsertEnd                         0x080040a2   Section        0  list.o(i.vListInsertEnd)
    i.vPortEnterCritical                     0x080040bc   Section        0  port.o(i.vPortEnterCritical)
    i.vPortExitCritical                      0x080040fc   Section        0  port.o(i.vPortExitCritical)
    i.vPortFree                              0x08004128   Section        0  heap_4.o(i.vPortFree)
    i.vPortSetupTimerInterrupt               0x0800418c   Section        0  port.o(i.vPortSetupTimerInterrupt)
    i.vTaskDelay                             0x080041b0   Section        0  tasks.o(i.vTaskDelay)
    i.vTaskStartScheduler                    0x08004200   Section        0  tasks.o(i.vTaskStartScheduler)
    i.vTaskSuspendAll                        0x08004288   Section        0  tasks.o(i.vTaskSuspendAll)
    i.vTaskSwitchContext                     0x08004298   Section        0  tasks.o(i.vTaskSwitchContext)
    i.xPortStartScheduler                    0x080042f8   Section        0  port.o(i.xPortStartScheduler)
    i.xTaskCreate                            0x080043fc   Section        0  tasks.o(i.xTaskCreate)
    i.xTaskCreateStatic                      0x08004468   Section        0  tasks.o(i.xTaskCreateStatic)
    i.xTaskIncrementTick                     0x080044c8   Section        0  tasks.o(i.xTaskIncrementTick)
    i.xTaskResumeAll                         0x0800459c   Section        0  tasks.o(i.xTaskResumeAll)
    .constdata                               0x08004668   Section       56  freertos.o(.constdata)
    .constdata                               0x080046a0   Section        8  stm32f4xx_hal_dma.o(.constdata)
    flagBitshiftOffset                       0x080046a0   Data           8  stm32f4xx_hal_dma.o(.constdata)
    .constdata                               0x080046a8   Section       16  system_stm32f4xx.o(.constdata)
    .constdata                               0x080046b8   Section        8  system_stm32f4xx.o(.constdata)
    .constdata                               0x080046c0   Section       12  chassis_task.o(.constdata)
    motor_speed_pid                          0x080046c0   Data          12  chassis_task.o(.constdata)
    .conststring                             0x080046cc   Section       24  freertos.o(.conststring)
    .data                                    0x20000000   Section        4  main.o(.data)
    .data                                    0x20000004   Section        8  freertos.o(.data)
    .data                                    0x2000000c   Section        4  can.o(.data)
    HAL_RCC_CAN1_CLK_ENABLED                 0x2000000c   Data           4  can.o(.data)
    .data                                    0x20000010   Section       12  stm32f4xx_hal.o(.data)
    .data                                    0x2000001c   Section        4  system_stm32f4xx.o(.data)
    .data                                    0x20000020   Section       17  can_receive.o(.data)
    i                                        0x20000020   Data           1  can_receive.o(.data)
    gimbal_can_send_data                     0x20000021   Data           8  can_receive.o(.data)
    chassis_can_send_data                    0x20000029   Data           8  can_receive.o(.data)
    .data                                    0x20000034   Section       16  chassis_task.o(.data)
    set_speed                                0x20000038   Data           4  chassis_task.o(.data)
    .data                                    0x20000044   Section       60  tasks.o(.data)
    uxDeletedTasksWaitingCleanUp             0x20000048   Data           4  tasks.o(.data)
    uxCurrentNumberOfTasks                   0x2000004c   Data           4  tasks.o(.data)
    xTickCount                               0x20000050   Data           4  tasks.o(.data)
    uxTopReadyPriority                       0x20000054   Data           4  tasks.o(.data)
    xSchedulerRunning                        0x20000058   Data           4  tasks.o(.data)
    xPendedTicks                             0x2000005c   Data           4  tasks.o(.data)
    xYieldPending                            0x20000060   Data           4  tasks.o(.data)
    xNumOfOverflows                          0x20000064   Data           4  tasks.o(.data)
    uxTaskNumber                             0x20000068   Data           4  tasks.o(.data)
    xNextTaskUnblockTime                     0x2000006c   Data           4  tasks.o(.data)
    xIdleTaskHandle                          0x20000070   Data           4  tasks.o(.data)
    uxSchedulerSuspended                     0x20000074   Data           4  tasks.o(.data)
    pxDelayedTaskList                        0x20000078   Data           4  tasks.o(.data)
    pxOverflowDelayedTaskList                0x2000007c   Data           4  tasks.o(.data)
    .data                                    0x20000080   Section       32  heap_4.o(.data)
    pxEnd                                    0x20000080   Data           4  heap_4.o(.data)
    xFreeBytesRemaining                      0x20000084   Data           4  heap_4.o(.data)
    xMinimumEverFreeBytesRemaining           0x20000088   Data           4  heap_4.o(.data)
    xNumberOfSuccessfulAllocations           0x2000008c   Data           4  heap_4.o(.data)
    xNumberOfSuccessfulFrees                 0x20000090   Data           4  heap_4.o(.data)
    xBlockAllocatedBit                       0x20000094   Data           4  heap_4.o(.data)
    xStart                                   0x20000098   Data           8  heap_4.o(.data)
    .data                                    0x200000a0   Section       12  port.o(.data)
    ucMaxSysCallPriority                     0x200000a0   Data           1  port.o(.data)
    uxCriticalNesting                        0x200000a4   Data           4  port.o(.data)
    ulMaxPRIGROUPValue                       0x200000a8   Data           4  port.o(.data)
    .bss                                     0x200000ac   Section       28  bsp_uart.o(.bss)
    .bss                                     0x200000c8   Section      596  freertos.o(.bss)
    xIdleTaskTCBBuffer                       0x200000c8   Data          84  freertos.o(.bss)
    xIdleStack                               0x2000011c   Data         512  freertos.o(.bss)
    .bss                                     0x2000031c   Section      168  adc.o(.bss)
    .bss                                     0x200003c4   Section       80  can.o(.bss)
    .bss                                     0x20000414   Section      232  usart.o(.bss)
    .bss                                     0x200004fc   Section       72  stm32f4xx_hal_timebase_tim.o(.bss)
    .bss                                     0x20000544   Section      120  can_receive.o(.bss)
    gimbal_tx_message                        0x2000058c   Data          24  can_receive.o(.bss)
    chassis_tx_message                       0x200005a4   Data          24  can_receive.o(.bss)
    .bss                                     0x200005bc   Section      308  chassis_task.o(.bss)
    .bss                                     0x200006f0   Section      240  tasks.o(.bss)
    pxReadyTasksLists                        0x200006f0   Data         140  tasks.o(.bss)
    xDelayedTaskList1                        0x2000077c   Data          20  tasks.o(.bss)
    xDelayedTaskList2                        0x20000790   Data          20  tasks.o(.bss)
    xPendingReadyList                        0x200007a4   Data          20  tasks.o(.bss)
    xTasksWaitingTermination                 0x200007b8   Data          20  tasks.o(.bss)
    xSuspendedTaskList                       0x200007cc   Data          20  tasks.o(.bss)
    .bss                                     0x200007e0   Section    15360  heap_4.o(.bss)
    ucHeap                                   0x200007e0   Data       15360  heap_4.o(.bss)
    STACK                                    0x200043e0   Section     1024  startup_stm32f427xx.o(STACK)

    Global Symbols

    Symbol Name                              Value     Ov Type        Size  Object(Section)

    BuildAttributes$$THM_ISAv4$E$P$D$K$B$S$7EM$VFPi3$EXTD16$VFPS$VFMA$PE$A:L22UL41UL21$X:L11$S22US41US21$IEEE1$IW$USESV6$~STKCKD$USESV7$~SHL$OTIME$ROPI$EBA8$MICROLIB$REQ8$PRES8$EABIv2 0x00000000   Number         0  anon$$obj.o ABSOLUTE
    __ARM_use_no_argv                        0x00000000   Number         0  main.o ABSOLUTE
    __arm_fini_                               - Undefined Weak Reference
    __cpp_initialize__aeabi_                  - Undefined Weak Reference
    __cxa_finalize                            - Undefined Weak Reference
    __decompress                              - Undefined Weak Reference
    _clock_init                               - Undefined Weak Reference
    _microlib_exit                            - Undefined Weak Reference
    __Vectors_Size                           0x000001ac   Number         0  startup_stm32f427xx.o ABSOLUTE
    __Vectors                                0x08000000   Data           4  startup_stm32f427xx.o(RESET)
    __Vectors_End                            0x080001ac   Data           0  startup_stm32f427xx.o(RESET)
    __main                                   0x080001ad   Thumb Code     0  entry.o(.ARM.Collect$$$$00000000)
    _main_stk                                0x080001ad   Thumb Code     0  entry2.o(.ARM.Collect$$$$00000001)
    _main_scatterload                        0x080001b1   Thumb Code     0  entry5.o(.ARM.Collect$$$$00000004)
    __main_after_scatterload                 0x080001b5   Thumb Code     0  entry5.o(.ARM.Collect$$$$00000004)
    _main_clock                              0x080001b5   Thumb Code     0  entry7b.o(.ARM.Collect$$$$00000008)
    _main_cpp_init                           0x080001b5   Thumb Code     0  entry8b.o(.ARM.Collect$$$$0000000A)
    _main_init                               0x080001b5   Thumb Code     0  entry9a.o(.ARM.Collect$$$$0000000B)
    __rt_lib_shutdown_fini                   0x080001bd   Thumb Code     0  entry12b.o(.ARM.Collect$$$$0000000E)
    __rt_final_cpp                           0x080001c1   Thumb Code     0  entry10a.o(.ARM.Collect$$$$0000000F)
    __rt_final_exit                          0x080001c1   Thumb Code     0  entry11a.o(.ARM.Collect$$$$00000011)
    SVC_Handler                              0x080001c5   Thumb Code    28  port.o(.emb_text)
    __asm___6_port_c_39a90d8d__prvStartFirstTask 0x080001e5   Thumb Code    36  port.o(.emb_text)
    __asm___6_port_c_39a90d8d__prvEnableVFP  0x0800020d   Thumb Code    16  port.o(.emb_text)
    PendSV_Handler                           0x08000221   Thumb Code    88  port.o(.emb_text)
    vPortGetIPSR                             0x0800027d   Thumb Code     6  port.o(.emb_text)
    Reset_Handler                            0x08000285   Thumb Code     8  startup_stm32f427xx.o(.text)
    ADC_IRQHandler                           0x0800029f   Thumb Code     0  startup_stm32f427xx.o(.text)
    CAN1_RX1_IRQHandler                      0x0800029f   Thumb Code     0  startup_stm32f427xx.o(.text)
    CAN1_SCE_IRQHandler                      0x0800029f   Thumb Code     0  startup_stm32f427xx.o(.text)
    CAN1_TX_IRQHandler                       0x0800029f   Thumb Code     0  startup_stm32f427xx.o(.text)
    CAN2_RX1_IRQHandler                      0x0800029f   Thumb Code     0  startup_stm32f427xx.o(.text)
    CAN2_SCE_IRQHandler                      0x0800029f   Thumb Code     0  startup_stm32f427xx.o(.text)
    CAN2_TX_IRQHandler                       0x0800029f   Thumb Code     0  startup_stm32f427xx.o(.text)
    DCMI_IRQHandler                          0x0800029f   Thumb Code     0  startup_stm32f427xx.o(.text)
    DMA1_Stream0_IRQHandler                  0x0800029f   Thumb Code     0  startup_stm32f427xx.o(.text)
    DMA1_Stream1_IRQHandler                  0x0800029f   Thumb Code     0  startup_stm32f427xx.o(.text)
    DMA1_Stream2_IRQHandler                  0x0800029f   Thumb Code     0  startup_stm32f427xx.o(.text)
    DMA1_Stream3_IRQHandler                  0x0800029f   Thumb Code     0  startup_stm32f427xx.o(.text)
    DMA1_Stream4_IRQHandler                  0x0800029f   Thumb Code     0  startup_stm32f427xx.o(.text)
    DMA1_Stream5_IRQHandler                  0x0800029f   Thumb Code     0  startup_stm32f427xx.o(.text)
    DMA1_Stream6_IRQHandler                  0x0800029f   Thumb Code     0  startup_stm32f427xx.o(.text)
    DMA1_Stream7_IRQHandler                  0x0800029f   Thumb Code     0  startup_stm32f427xx.o(.text)
    DMA2D_IRQHandler                         0x0800029f   Thumb Code     0  startup_stm32f427xx.o(.text)
    DMA2_Stream1_IRQHandler                  0x0800029f   Thumb Code     0  startup_stm32f427xx.o(.text)
    DMA2_Stream3_IRQHandler                  0x0800029f   Thumb Code     0  startup_stm32f427xx.o(.text)
    DMA2_Stream4_IRQHandler                  0x0800029f   Thumb Code     0  startup_stm32f427xx.o(.text)
    DMA2_Stream5_IRQHandler                  0x0800029f   Thumb Code     0  startup_stm32f427xx.o(.text)
    DMA2_Stream6_IRQHandler                  0x0800029f   Thumb Code     0  startup_stm32f427xx.o(.text)
    DMA2_Stream7_IRQHandler                  0x0800029f   Thumb Code     0  startup_stm32f427xx.o(.text)
    ETH_IRQHandler                           0x0800029f   Thumb Code     0  startup_stm32f427xx.o(.text)
    ETH_WKUP_IRQHandler                      0x0800029f   Thumb Code     0  startup_stm32f427xx.o(.text)
    EXTI0_IRQHandler                         0x0800029f   Thumb Code     0  startup_stm32f427xx.o(.text)
    EXTI15_10_IRQHandler                     0x0800029f   Thumb Code     0  startup_stm32f427xx.o(.text)
    EXTI1_IRQHandler                         0x0800029f   Thumb Code     0  startup_stm32f427xx.o(.text)
    EXTI2_IRQHandler                         0x0800029f   Thumb Code     0  startup_stm32f427xx.o(.text)
    EXTI3_IRQHandler                         0x0800029f   Thumb Code     0  startup_stm32f427xx.o(.text)
    EXTI4_IRQHandler                         0x0800029f   Thumb Code     0  startup_stm32f427xx.o(.text)
    EXTI9_5_IRQHandler                       0x0800029f   Thumb Code     0  startup_stm32f427xx.o(.text)
    FLASH_IRQHandler                         0x0800029f   Thumb Code     0  startup_stm32f427xx.o(.text)
    FMC_IRQHandler                           0x0800029f   Thumb Code     0  startup_stm32f427xx.o(.text)
    FPU_IRQHandler                           0x0800029f   Thumb Code     0  startup_stm32f427xx.o(.text)
    HASH_RNG_IRQHandler                      0x0800029f   Thumb Code     0  startup_stm32f427xx.o(.text)
    I2C1_ER_IRQHandler                       0x0800029f   Thumb Code     0  startup_stm32f427xx.o(.text)
    I2C1_EV_IRQHandler                       0x0800029f   Thumb Code     0  startup_stm32f427xx.o(.text)
    I2C2_ER_IRQHandler                       0x0800029f   Thumb Code     0  startup_stm32f427xx.o(.text)
    I2C2_EV_IRQHandler                       0x0800029f   Thumb Code     0  startup_stm32f427xx.o(.text)
    I2C3_ER_IRQHandler                       0x0800029f   Thumb Code     0  startup_stm32f427xx.o(.text)
    I2C3_EV_IRQHandler                       0x0800029f   Thumb Code     0  startup_stm32f427xx.o(.text)
    OTG_FS_IRQHandler                        0x0800029f   Thumb Code     0  startup_stm32f427xx.o(.text)
    OTG_FS_WKUP_IRQHandler                   0x0800029f   Thumb Code     0  startup_stm32f427xx.o(.text)
    OTG_HS_EP1_IN_IRQHandler                 0x0800029f   Thumb Code     0  startup_stm32f427xx.o(.text)
    OTG_HS_EP1_OUT_IRQHandler                0x0800029f   Thumb Code     0  startup_stm32f427xx.o(.text)
    OTG_HS_IRQHandler                        0x0800029f   Thumb Code     0  startup_stm32f427xx.o(.text)
    OTG_HS_WKUP_IRQHandler                   0x0800029f   Thumb Code     0  startup_stm32f427xx.o(.text)
    PVD_IRQHandler                           0x0800029f   Thumb Code     0  startup_stm32f427xx.o(.text)
    RCC_IRQHandler                           0x0800029f   Thumb Code     0  startup_stm32f427xx.o(.text)
    RTC_Alarm_IRQHandler                     0x0800029f   Thumb Code     0  startup_stm32f427xx.o(.text)
    RTC_WKUP_IRQHandler                      0x0800029f   Thumb Code     0  startup_stm32f427xx.o(.text)
    SAI1_IRQHandler                          0x0800029f   Thumb Code     0  startup_stm32f427xx.o(.text)
    SDIO_IRQHandler                          0x0800029f   Thumb Code     0  startup_stm32f427xx.o(.text)
    SPI1_IRQHandler                          0x0800029f   Thumb Code     0  startup_stm32f427xx.o(.text)
    SPI2_IRQHandler                          0x0800029f   Thumb Code     0  startup_stm32f427xx.o(.text)
    SPI3_IRQHandler                          0x0800029f   Thumb Code     0  startup_stm32f427xx.o(.text)
    SPI4_IRQHandler                          0x0800029f   Thumb Code     0  startup_stm32f427xx.o(.text)
    SPI5_IRQHandler                          0x0800029f   Thumb Code     0  startup_stm32f427xx.o(.text)
    SPI6_IRQHandler                          0x0800029f   Thumb Code     0  startup_stm32f427xx.o(.text)
    TAMP_STAMP_IRQHandler                    0x0800029f   Thumb Code     0  startup_stm32f427xx.o(.text)
    TIM1_BRK_TIM9_IRQHandler                 0x0800029f   Thumb Code     0  startup_stm32f427xx.o(.text)
    TIM1_CC_IRQHandler                       0x0800029f   Thumb Code     0  startup_stm32f427xx.o(.text)
    TIM1_TRG_COM_TIM11_IRQHandler            0x0800029f   Thumb Code     0  startup_stm32f427xx.o(.text)
    TIM2_IRQHandler                          0x0800029f   Thumb Code     0  startup_stm32f427xx.o(.text)
    TIM3_IRQHandler                          0x0800029f   Thumb Code     0  startup_stm32f427xx.o(.text)
    TIM4_IRQHandler                          0x0800029f   Thumb Code     0  startup_stm32f427xx.o(.text)
    TIM5_IRQHandler                          0x0800029f   Thumb Code     0  startup_stm32f427xx.o(.text)
    TIM6_DAC_IRQHandler                      0x0800029f   Thumb Code     0  startup_stm32f427xx.o(.text)
    TIM7_IRQHandler                          0x0800029f   Thumb Code     0  startup_stm32f427xx.o(.text)
    TIM8_BRK_TIM12_IRQHandler                0x0800029f   Thumb Code     0  startup_stm32f427xx.o(.text)
    TIM8_CC_IRQHandler                       0x0800029f   Thumb Code     0  startup_stm32f427xx.o(.text)
    TIM8_TRG_COM_TIM14_IRQHandler            0x0800029f   Thumb Code     0  startup_stm32f427xx.o(.text)
    TIM8_UP_TIM13_IRQHandler                 0x0800029f   Thumb Code     0  startup_stm32f427xx.o(.text)
    UART4_IRQHandler                         0x0800029f   Thumb Code     0  startup_stm32f427xx.o(.text)
    UART5_IRQHandler                         0x0800029f   Thumb Code     0  startup_stm32f427xx.o(.text)
    UART7_IRQHandler                         0x0800029f   Thumb Code     0  startup_stm32f427xx.o(.text)
    UART8_IRQHandler                         0x0800029f   Thumb Code     0  startup_stm32f427xx.o(.text)
    USART2_IRQHandler                        0x0800029f   Thumb Code     0  startup_stm32f427xx.o(.text)
    USART3_IRQHandler                        0x0800029f   Thumb Code     0  startup_stm32f427xx.o(.text)
    WWDG_IRQHandler                          0x0800029f   Thumb Code     0  startup_stm32f427xx.o(.text)
    __aeabi_uldivmod                         0x080002a9   Thumb Code    98  uldiv.o(.text)
    __aeabi_memcpy                           0x0800030b   Thumb Code    36  memcpya.o(.text)
    __aeabi_memcpy4                          0x0800030b   Thumb Code     0  memcpya.o(.text)
    __aeabi_memcpy8                          0x0800030b   Thumb Code     0  memcpya.o(.text)
    __aeabi_memset                           0x0800032f   Thumb Code    14  memseta.o(.text)
    __aeabi_memset4                          0x0800032f   Thumb Code     0  memseta.o(.text)
    __aeabi_memset8                          0x0800032f   Thumb Code     0  memseta.o(.text)
    __aeabi_memclr                           0x0800033d   Thumb Code     4  memseta.o(.text)
    __aeabi_memclr4                          0x0800033d   Thumb Code     0  memseta.o(.text)
    __aeabi_memclr8                          0x0800033d   Thumb Code     0  memseta.o(.text)
    memset                                   0x08000341   Thumb Code    18  memseta.o(.text)
    __aeabi_dadd                             0x08000353   Thumb Code   322  dadd.o(.text)
    __aeabi_dsub                             0x08000495   Thumb Code     6  dadd.o(.text)
    __aeabi_drsub                            0x0800049b   Thumb Code     6  dadd.o(.text)
    __aeabi_ddiv                             0x080004a1   Thumb Code   222  ddiv.o(.text)
    __aeabi_f2d                              0x0800057f   Thumb Code    38  f2d.o(.text)
    __aeabi_d2f                              0x080005a5   Thumb Code    56  d2f.o(.text)
    __aeabi_llsl                             0x080005dd   Thumb Code    30  llshl.o(.text)
    _ll_shift_l                              0x080005dd   Thumb Code     0  llshl.o(.text)
    __aeabi_llsr                             0x080005fb   Thumb Code    32  llushr.o(.text)
    _ll_ushift_r                             0x080005fb   Thumb Code     0  llushr.o(.text)
    __aeabi_lasr                             0x0800061b   Thumb Code    36  llsshr.o(.text)
    _ll_sshift_r                             0x0800061b   Thumb Code     0  llsshr.o(.text)
    __I$use$fp                               0x0800063f   Thumb Code     0  iusefp.o(.text)
    _float_round                             0x0800063f   Thumb Code    18  fepilogue.o(.text)
    _float_epilogue                          0x08000651   Thumb Code    92  fepilogue.o(.text)
    _double_round                            0x080006ad   Thumb Code    30  depilogue.o(.text)
    _double_epilogue                         0x080006cb   Thumb Code   156  depilogue.o(.text)
    __scatterload                            0x08000769   Thumb Code    28  init.o(.text)
    __scatterload_rt2                        0x08000769   Thumb Code     0  init.o(.text)
    BusFault_Handler                         0x08000951   Thumb Code     2  stm32f4xx_it.o(i.BusFault_Handler)
    CAN1_RX0_IRQHandler                      0x08000955   Thumb Code     6  stm32f4xx_it.o(i.CAN1_RX0_IRQHandler)
    CAN2_RX0_IRQHandler                      0x08000961   Thumb Code     6  stm32f4xx_it.o(i.CAN2_RX0_IRQHandler)
    CAN_cmd_chassis                          0x0800096d   Thumb Code    60  can_receive.o(i.CAN_cmd_chassis)
    DMA2_Stream0_IRQHandler                  0x080009b5   Thumb Code     6  stm32f4xx_it.o(i.DMA2_Stream0_IRQHandler)
    DMA2_Stream2_IRQHandler                  0x080009c1   Thumb Code     6  stm32f4xx_it.o(i.DMA2_Stream2_IRQHandler)
    DebugMon_Handler                         0x08000ab7   Thumb Code     2  stm32f4xx_it.o(i.DebugMon_Handler)
    Error_Handler                            0x08000ab9   Thumb Code     2  main.o(i.Error_Handler)
    HAL_ADC_ConfigChannel                    0x08000abd   Thumb Code   374  stm32f4xx_hal_adc.o(i.HAL_ADC_ConfigChannel)
    HAL_ADC_ConvCpltCallback                 0x08000c49   Thumb Code     2  stm32f4xx_hal_adc.o(i.HAL_ADC_ConvCpltCallback)
    HAL_ADC_ConvHalfCpltCallback             0x08000c4b   Thumb Code     2  stm32f4xx_hal_adc.o(i.HAL_ADC_ConvHalfCpltCallback)
    HAL_ADC_ErrorCallback                    0x08000c4d   Thumb Code     2  stm32f4xx_hal_adc.o(i.HAL_ADC_ErrorCallback)
    HAL_ADC_Init                             0x08000c4f   Thumb Code    86  stm32f4xx_hal_adc.o(i.HAL_ADC_Init)
    HAL_ADC_MspInit                          0x08000ca5   Thumb Code   134  adc.o(i.HAL_ADC_MspInit)
    HAL_ADC_Start_DMA                        0x08000d41   Thumb Code   372  stm32f4xx_hal_adc.o(i.HAL_ADC_Start_DMA)
    HAL_CAN_ActivateNotification             0x08000ed5   Thumb Code    36  stm32f4xx_hal_can.o(i.HAL_CAN_ActivateNotification)
    HAL_CAN_AddTxMessage                     0x08000ef9   Thumb Code   260  stm32f4xx_hal_can.o(i.HAL_CAN_AddTxMessage)
    HAL_CAN_ConfigFilter                     0x08000ffd   Thumb Code   290  stm32f4xx_hal_can.o(i.HAL_CAN_ConfigFilter)
    HAL_CAN_ErrorCallback                    0x08001125   Thumb Code     2  stm32f4xx_hal_can.o(i.HAL_CAN_ErrorCallback)
    HAL_CAN_GetRxMessage                     0x08001127   Thumb Code   364  stm32f4xx_hal_can.o(i.HAL_CAN_GetRxMessage)
    HAL_CAN_IRQHandler                       0x08001293   Thumb Code   564  stm32f4xx_hal_can.o(i.HAL_CAN_IRQHandler)
    HAL_CAN_Init                             0x080014c7   Thumb Code   360  stm32f4xx_hal_can.o(i.HAL_CAN_Init)
    HAL_CAN_MspInit                          0x08001631   Thumb Code   228  can.o(i.HAL_CAN_MspInit)
    HAL_CAN_RxFifo0FullCallback              0x0800172d   Thumb Code     2  stm32f4xx_hal_can.o(i.HAL_CAN_RxFifo0FullCallback)
    HAL_CAN_RxFifo0MsgPendingCallback        0x08001731   Thumb Code    82  can_receive.o(i.HAL_CAN_RxFifo0MsgPendingCallback)
    HAL_CAN_RxFifo1FullCallback              0x0800178d   Thumb Code     2  stm32f4xx_hal_can.o(i.HAL_CAN_RxFifo1FullCallback)
    HAL_CAN_RxFifo1MsgPendingCallback        0x0800178f   Thumb Code     2  stm32f4xx_hal_can.o(i.HAL_CAN_RxFifo1MsgPendingCallback)
    HAL_CAN_SleepCallback                    0x08001791   Thumb Code     2  stm32f4xx_hal_can.o(i.HAL_CAN_SleepCallback)
    HAL_CAN_Start                            0x08001793   Thumb Code   100  stm32f4xx_hal_can.o(i.HAL_CAN_Start)
    HAL_CAN_TxMailbox0AbortCallback          0x080017f7   Thumb Code     2  stm32f4xx_hal_can.o(i.HAL_CAN_TxMailbox0AbortCallback)
    HAL_CAN_TxMailbox0CompleteCallback       0x080017f9   Thumb Code     2  stm32f4xx_hal_can.o(i.HAL_CAN_TxMailbox0CompleteCallback)
    HAL_CAN_TxMailbox1AbortCallback          0x080017fb   Thumb Code     2  stm32f4xx_hal_can.o(i.HAL_CAN_TxMailbox1AbortCallback)
    HAL_CAN_TxMailbox1CompleteCallback       0x080017fd   Thumb Code     2  stm32f4xx_hal_can.o(i.HAL_CAN_TxMailbox1CompleteCallback)
    HAL_CAN_TxMailbox2AbortCallback          0x080017ff   Thumb Code     2  stm32f4xx_hal_can.o(i.HAL_CAN_TxMailbox2AbortCallback)
    HAL_CAN_TxMailbox2CompleteCallback       0x08001801   Thumb Code     2  stm32f4xx_hal_can.o(i.HAL_CAN_TxMailbox2CompleteCallback)
    HAL_CAN_WakeUpFromRxMsgCallback          0x08001803   Thumb Code     2  stm32f4xx_hal_can.o(i.HAL_CAN_WakeUpFromRxMsgCallback)
    HAL_DMA_Abort                            0x08001805   Thumb Code   162  stm32f4xx_hal_dma.o(i.HAL_DMA_Abort)
    HAL_DMA_Abort_IT                         0x080018a7   Thumb Code    36  stm32f4xx_hal_dma.o(i.HAL_DMA_Abort_IT)
    HAL_DMA_IRQHandler                       0x080018cd   Thumb Code   488  stm32f4xx_hal_dma.o(i.HAL_DMA_IRQHandler)
    HAL_DMA_Init                             0x08001ab9   Thumb Code   230  stm32f4xx_hal_dma.o(i.HAL_DMA_Init)
    HAL_DMA_Start                            0x08001ba5   Thumb Code    74  stm32f4xx_hal_dma.o(i.HAL_DMA_Start)
    HAL_DMA_Start_IT                         0x08001bef   Thumb Code   112  stm32f4xx_hal_dma.o(i.HAL_DMA_Start_IT)
    HAL_GPIO_Init                            0x08001c61   Thumb Code   564  stm32f4xx_hal_gpio.o(i.HAL_GPIO_Init)
    HAL_GPIO_WritePin                        0x08001ead   Thumb Code    14  stm32f4xx_hal_gpio.o(i.HAL_GPIO_WritePin)
    HAL_GetTick                              0x08001ebd   Thumb Code     6  stm32f4xx_hal.o(i.HAL_GetTick)
    HAL_IncTick                              0x08001ec9   Thumb Code    12  stm32f4xx_hal.o(i.HAL_IncTick)
    HAL_Init                                 0x08001ed9   Thumb Code    48  stm32f4xx_hal.o(i.HAL_Init)
    HAL_InitTick                             0x08001f0d   Thumb Code   100  stm32f4xx_hal_timebase_tim.o(i.HAL_InitTick)
    HAL_MspInit                              0x08001f81   Thumb Code    52  stm32f4xx_hal_msp.o(i.HAL_MspInit)
    HAL_NVIC_EnableIRQ                       0x08001fb9   Thumb Code    28  stm32f4xx_hal_cortex.o(i.HAL_NVIC_EnableIRQ)
    HAL_NVIC_SetPriority                     0x08001fd5   Thumb Code    98  stm32f4xx_hal_cortex.o(i.HAL_NVIC_SetPriority)
    HAL_NVIC_SetPriorityGrouping             0x0800203d   Thumb Code    30  stm32f4xx_hal_cortex.o(i.HAL_NVIC_SetPriorityGrouping)
    HAL_RCC_ClockConfig                      0x08002061   Thumb Code   354  stm32f4xx_hal_rcc.o(i.HAL_RCC_ClockConfig)
    HAL_RCC_GetClockConfig                   0x080021dd   Thumb Code    52  stm32f4xx_hal_rcc.o(i.HAL_RCC_GetClockConfig)
    HAL_RCC_GetHCLKFreq                      0x08002219   Thumb Code     6  stm32f4xx_hal_rcc.o(i.HAL_RCC_GetHCLKFreq)
    HAL_RCC_GetPCLK1Freq                     0x08002225   Thumb Code    22  stm32f4xx_hal_rcc.o(i.HAL_RCC_GetPCLK1Freq)
    HAL_RCC_GetPCLK2Freq                     0x08002245   Thumb Code    22  stm32f4xx_hal_rcc.o(i.HAL_RCC_GetPCLK2Freq)
    HAL_RCC_GetSysClockFreq                  0x08002265   Thumb Code    94  stm32f4xx_hal_rcc.o(i.HAL_RCC_GetSysClockFreq)
    HAL_RCC_OscConfig                        0x080022d5   Thumb Code  1154  stm32f4xx_hal_rcc.o(i.HAL_RCC_OscConfig)
    HAL_TIMEx_BreakCallback                  0x08002757   Thumb Code     2  stm32f4xx_hal_tim_ex.o(i.HAL_TIMEx_BreakCallback)
    HAL_TIMEx_CommutCallback                 0x08002759   Thumb Code     2  stm32f4xx_hal_tim_ex.o(i.HAL_TIMEx_CommutCallback)
    HAL_TIM_Base_Init                        0x0800275b   Thumb Code    92  stm32f4xx_hal_tim.o(i.HAL_TIM_Base_Init)
    HAL_TIM_Base_MspInit                     0x080027b7   Thumb Code     2  stm32f4xx_hal_tim.o(i.HAL_TIM_Base_MspInit)
    HAL_TIM_Base_Start_IT                    0x080027b9   Thumb Code   138  stm32f4xx_hal_tim.o(i.HAL_TIM_Base_Start_IT)
    HAL_TIM_IC_CaptureCallback               0x08002843   Thumb Code     2  stm32f4xx_hal_tim.o(i.HAL_TIM_IC_CaptureCallback)
    HAL_TIM_IRQHandler                       0x08002845   Thumb Code   372  stm32f4xx_hal_tim.o(i.HAL_TIM_IRQHandler)
    HAL_TIM_OC_DelayElapsedCallback          0x080029b9   Thumb Code     2  stm32f4xx_hal_tim.o(i.HAL_TIM_OC_DelayElapsedCallback)
    HAL_TIM_PWM_PulseFinishedCallback        0x080029bb   Thumb Code     2  stm32f4xx_hal_tim.o(i.HAL_TIM_PWM_PulseFinishedCallback)
    HAL_TIM_PeriodElapsedCallback            0x080029bd   Thumb Code    14  main.o(i.HAL_TIM_PeriodElapsedCallback)
    HAL_TIM_TriggerCallback                  0x080029d1   Thumb Code     2  stm32f4xx_hal_tim.o(i.HAL_TIM_TriggerCallback)
    HAL_UARTEx_RxEventCallback               0x080029d3   Thumb Code     2  stm32f4xx_hal_uart.o(i.HAL_UARTEx_RxEventCallback)
    HAL_UART_ErrorCallback                   0x080029d5   Thumb Code     2  stm32f4xx_hal_uart.o(i.HAL_UART_ErrorCallback)
    HAL_UART_IRQHandler                      0x080029d9   Thumb Code   604  stm32f4xx_hal_uart.o(i.HAL_UART_IRQHandler)
    HAL_UART_Init                            0x08002c39   Thumb Code   100  stm32f4xx_hal_uart.o(i.HAL_UART_Init)
    HAL_UART_MspInit                         0x08002c9d   Thumb Code   228  usart.o(i.HAL_UART_MspInit)
    HAL_UART_RxCpltCallback                  0x08002d9d   Thumb Code     2  stm32f4xx_hal_uart.o(i.HAL_UART_RxCpltCallback)
    HAL_UART_TxCpltCallback                  0x08002d9f   Thumb Code     2  stm32f4xx_hal_uart.o(i.HAL_UART_TxCpltCallback)
    HardFault_Handler                        0x08002da1   Thumb Code     2  stm32f4xx_it.o(i.HardFault_Handler)
    MX_ADC1_Init                             0x08002da5   Thumb Code   106  adc.o(i.MX_ADC1_Init)
    MX_CAN1_Init                             0x08002e1d   Thumb Code    60  can.o(i.MX_CAN1_Init)
    MX_CAN2_Init                             0x08002e61   Thumb Code    60  can.o(i.MX_CAN2_Init)
    MX_DMA_Init                              0x08002ea5   Thumb Code    56  dma.o(i.MX_DMA_Init)
    MX_FREERTOS_Init                         0x08002ee1   Thumb Code    52  freertos.o(i.MX_FREERTOS_Init)
    MX_GPIO_Init                             0x08002f1d   Thumb Code   220  gpio.o(i.MX_GPIO_Init)
    MX_USART1_UART_Init                      0x08003009   Thumb Code    50  usart.o(i.MX_USART1_UART_Init)
    MX_USART6_UART_Init                      0x08003049   Thumb Code    48  usart.o(i.MX_USART6_UART_Init)
    MemManage_Handler                        0x08003081   Thumb Code     2  stm32f4xx_it.o(i.MemManage_Handler)
    NMI_Handler                              0x08003083   Thumb Code     2  stm32f4xx_it.o(i.NMI_Handler)
    PID_calc                                 0x08003085   Thumb Code   292  pid.o(i.PID_calc)
    PID_init                                 0x080031ad   Thumb Code    88  pid.o(i.PID_init)
    StartDefaultTask                         0x08003209   Thumb Code     8  freertos.o(i.StartDefaultTask)
    SysTick_Handler                          0x08003211   Thumb Code    38  port.o(i.SysTick_Handler)
    SystemClock_Config                       0x0800323d   Thumb Code   136  main.o(i.SystemClock_Config)
    SystemInit                               0x080032cd   Thumb Code    64  system_stm32f4xx.o(i.SystemInit)
    TIM1_UP_TIM10_IRQHandler                 0x08003325   Thumb Code     6  stm32f4xx_it.o(i.TIM1_UP_TIM10_IRQHandler)
    TIM_Base_SetConfig                       0x08003331   Thumb Code   182  stm32f4xx_hal_tim.o(i.TIM_Base_SetConfig)
    USART1_IRQHandler                        0x08003699   Thumb Code    18  stm32f4xx_it.o(i.USART1_IRQHandler)
    USART6_IRQHandler                        0x080036b1   Thumb Code     6  stm32f4xx_it.o(i.USART6_IRQHandler)
    UsageFault_Handler                       0x080036bd   Thumb Code     2  stm32f4xx_it.o(i.UsageFault_Handler)
    __scatterload_copy                       0x080036bf   Thumb Code    14  handlers.o(i.__scatterload_copy)
    __scatterload_null                       0x080036cd   Thumb Code     2  handlers.o(i.__scatterload_null)
    __scatterload_zeroinit                   0x080036cf   Thumb Code    14  handlers.o(i.__scatterload_zeroinit)
    calc_distance                            0x080036dd   Thumb Code   136  psd_adc.o(i.calc_distance)
    calc_voltage                             0x0800379d   Thumb Code    26  psd_adc.o(i.calc_voltage)
    can_filter_init                          0x080037c1   Thumb Code    80  bsp_can.o(i.can_filter_init)
    chassis_task                             0x08003819   Thumb Code   230  chassis_task.o(i.chassis_task)
    dbus_uart_init                           0x08003925   Thumb Code    64  bsp_uart.o(i.dbus_uart_init)
    get_chassis_motor_measure_point          0x0800396d   Thumb Code    16  can_receive.o(i.get_chassis_motor_measure_point)
    get_remote_control_point                 0x08003981   Thumb Code     4  bsp_uart.o(i.get_remote_control_point)
    led_off                                  0x08003989   Thumb Code    26  gpio.o(i.led_off)
    main                                     0x080039ad   Thumb Code    80  main.o(i.main)
    osDelay                                  0x08003a15   Thumb Code    16  cmsis_os.o(i.osDelay)
    osKernelStart                            0x08003a25   Thumb Code    10  cmsis_os.o(i.osKernelStart)
    osThreadCreate                           0x08003a2f   Thumb Code    92  cmsis_os.o(i.osThreadCreate)
    pvPortMalloc                             0x08003e15   Thumb Code   224  heap_4.o(i.pvPortMalloc)
    pxPortInitialiseStack                    0x08003efd   Thumb Code    38  port.o(i.pxPortInitialiseStack)
    rc_callback_handler                      0x08003f29   Thumb Code   140  bsp_uart.o(i.rc_callback_handler)
    uart_receive_handler                     0x08003fb5   Thumb Code    86  bsp_uart.o(i.uart_receive_handler)
    uxListRemove                             0x08004015   Thumb Code    38  list.o(i.uxListRemove)
    vApplicationGetIdleTaskMemory            0x0800403d   Thumb Code    16  freertos.o(i.vApplicationGetIdleTaskMemory)
    vListInitialise                          0x08004051   Thumb Code    22  list.o(i.vListInitialise)
    vListInitialiseItem                      0x08004067   Thumb Code     6  list.o(i.vListInitialiseItem)
    vListInsert                              0x0800406d   Thumb Code    54  list.o(i.vListInsert)
    vListInsertEnd                           0x080040a3   Thumb Code    24  list.o(i.vListInsertEnd)
    vPortEnterCritical                       0x080040bd   Thumb Code    54  port.o(i.vPortEnterCritical)
    vPortExitCritical                        0x080040fd   Thumb Code    38  port.o(i.vPortExitCritical)
    vPortFree                                0x08004129   Thumb Code    94  heap_4.o(i.vPortFree)
    vPortSetupTimerInterrupt                 0x0800418d   Thumb Code    32  port.o(i.vPortSetupTimerInterrupt)
    vTaskDelay                               0x080041b1   Thumb Code    70  tasks.o(i.vTaskDelay)
    vTaskStartScheduler                      0x08004201   Thumb Code   120  tasks.o(i.vTaskStartScheduler)
    vTaskSuspendAll                          0x08004289   Thumb Code    10  tasks.o(i.vTaskSuspendAll)
    vTaskSwitchContext                       0x08004299   Thumb Code    86  tasks.o(i.vTaskSwitchContext)
    xPortStartScheduler                      0x080042f9   Thumb Code   232  port.o(i.xPortStartScheduler)
    xTaskCreate                              0x080043fd   Thumb Code   108  tasks.o(i.xTaskCreate)
    xTaskCreateStatic                        0x08004469   Thumb Code    96  tasks.o(i.xTaskCreateStatic)
    xTaskIncrementTick                       0x080044c9   Thumb Code   202  tasks.o(i.xTaskIncrementTick)
    xTaskResumeAll                           0x0800459d   Thumb Code   190  tasks.o(i.xTaskResumeAll)
    AHBPrescTable                            0x080046a8   Data          16  system_stm32f4xx.o(.constdata)
    APBPrescTable                            0x080046b8   Data           8  system_stm32f4xx.o(.constdata)
    Region$$Table$$Base                      0x080046e4   Number         0  anon$$obj.o(Region$$Table)
    Region$$Table$$Limit                     0x08004704   Number         0  anon$$obj.o(Region$$Table)
    ADC_Value1                               0x20000000   Data           4  main.o(.data)
    chassisTaskHandle                        0x20000004   Data           4  freertos.o(.data)
    defaultTaskHandle                        0x20000008   Data           4  freertos.o(.data)
    uwTickFreq                               0x20000010   Data           1  stm32f4xx_hal.o(.data)
    uwTickPrio                               0x20000014   Data           4  stm32f4xx_hal.o(.data)
    uwTick                                   0x20000018   Data           4  stm32f4xx_hal.o(.data)
    SystemCoreClock                          0x2000001c   Data           4  system_stm32f4xx.o(.data)
    flag                                     0x20000034   Data           1  chassis_task.o(.data)
    left_distance                            0x2000003c   Data           4  chassis_task.o(.data)
    right_distance                           0x20000040   Data           4  chassis_task.o(.data)
    pxCurrentTCB                             0x20000044   Data           4  tasks.o(.data)
    dbus_buf                                 0x200000ac   Data          18  bsp_uart.o(.bss)
    rc                                       0x200000be   Data          10  bsp_uart.o(.bss)
    hadc1                                    0x2000031c   Data          72  adc.o(.bss)
    hdma_adc1                                0x20000364   Data          96  adc.o(.bss)
    hcan1                                    0x200003c4   Data          40  can.o(.bss)
    hcan2                                    0x200003ec   Data          40  can.o(.bss)
    huart1                                   0x20000414   Data          68  usart.o(.bss)
    huart6                                   0x20000458   Data          68  usart.o(.bss)
    hdma_usart1_rx                           0x2000049c   Data          96  usart.o(.bss)
    htim1                                    0x200004fc   Data          72  stm32f4xx_hal_timebase_tim.o(.bss)
    motor_chassis                            0x20000544   Data          70  can_receive.o(.bss)
    chassis_move                             0x200005bc   Data         308  chassis_task.o(.bss)
    __initial_sp                             0x200047e0   Data           0  startup_stm32f427xx.o(STACK)



==============================================================================

Memory Map of the image

  Image Entry point : 0x080001ad

  Load Region LR_IROM1 (Base: 0x08000000, Size: 0x000047b0, Max: 0x00200000, ABSOLUTE)

    Execution Region ER_IROM1 (Exec base: 0x08000000, Load base: 0x08000000, Size: 0x00004704, Max: 0x00200000, ABSOLUTE)

    Exec Addr    Load Addr    Size         Type   Attr      Idx    E Section Name        Object

    0x08000000   0x08000000   0x000001ac   Data   RO            3    RESET               startup_stm32f427xx.o
    0x080001ac   0x080001ac   0x00000000   Code   RO         5490  * .ARM.Collect$$$$00000000  mc_w.l(entry.o)
    0x080001ac   0x080001ac   0x00000004   Code   RO         5511    .ARM.Collect$$$$00000001  mc_w.l(entry2.o)
    0x080001b0   0x080001b0   0x00000004   Code   RO         5514    .ARM.Collect$$$$00000004  mc_w.l(entry5.o)
    0x080001b4   0x080001b4   0x00000000   Code   RO         5516    .ARM.Collect$$$$00000008  mc_w.l(entry7b.o)
    0x080001b4   0x080001b4   0x00000000   Code   RO         5518    .ARM.Collect$$$$0000000A  mc_w.l(entry8b.o)
    0x080001b4   0x080001b4   0x00000008   Code   RO         5519    .ARM.Collect$$$$0000000B  mc_w.l(entry9a.o)
    0x080001bc   0x080001bc   0x00000004   Code   RO         5526    .ARM.Collect$$$$0000000E  mc_w.l(entry12b.o)
    0x080001c0   0x080001c0   0x00000000   Code   RO         5521    .ARM.Collect$$$$0000000F  mc_w.l(entry10a.o)
    0x080001c0   0x080001c0   0x00000000   Code   RO         5523    .ARM.Collect$$$$00000011  mc_w.l(entry11a.o)
    0x080001c0   0x080001c0   0x00000004   Code   RO         5512    .ARM.Collect$$$$00002712  mc_w.l(entry2.o)
    0x080001c4   0x080001c4   0x000000be   Code   RO         5413    .emb_text           port.o
    0x08000282   0x08000282   0x00000002   PAD
    0x08000284   0x08000284   0x00000024   Code   RO            4    .text               startup_stm32f427xx.o
    0x080002a8   0x080002a8   0x00000062   Code   RO         5493    .text               mc_w.l(uldiv.o)
    0x0800030a   0x0800030a   0x00000024   Code   RO         5495    .text               mc_w.l(memcpya.o)
    0x0800032e   0x0800032e   0x00000024   Code   RO         5499    .text               mc_w.l(memseta.o)
    0x08000352   0x08000352   0x0000014e   Code   RO         5503    .text               mf_w.l(dadd.o)
    0x080004a0   0x080004a0   0x000000de   Code   RO         5505    .text               mf_w.l(ddiv.o)
    0x0800057e   0x0800057e   0x00000026   Code   RO         5507    .text               mf_w.l(f2d.o)
    0x080005a4   0x080005a4   0x00000038   Code   RO         5509    .text               mf_w.l(d2f.o)
    0x080005dc   0x080005dc   0x0000001e   Code   RO         5527    .text               mc_w.l(llshl.o)
    0x080005fa   0x080005fa   0x00000020   Code   RO         5529    .text               mc_w.l(llushr.o)
    0x0800061a   0x0800061a   0x00000024   Code   RO         5531    .text               mc_w.l(llsshr.o)
    0x0800063e   0x0800063e   0x00000000   Code   RO         5533    .text               mc_w.l(iusefp.o)
    0x0800063e   0x0800063e   0x0000006e   Code   RO         5534    .text               mf_w.l(fepilogue.o)
    0x080006ac   0x080006ac   0x000000ba   Code   RO         5536    .text               mf_w.l(depilogue.o)
    0x08000766   0x08000766   0x00000002   PAD
    0x08000768   0x08000768   0x00000024   Code   RO         5538    .text               mc_w.l(init.o)
    0x0800078c   0x0800078c   0x00000074   Code   RO          716    i.ADC_DMAConvCplt   stm32f4xx_hal_adc.o
    0x08000800   0x08000800   0x00000016   Code   RO          717    i.ADC_DMAError      stm32f4xx_hal_adc.o
    0x08000816   0x08000816   0x0000000a   Code   RO          718    i.ADC_DMAHalfConvCplt  stm32f4xx_hal_adc.o
    0x08000820   0x08000820   0x00000130   Code   RO          719    i.ADC_Init          stm32f4xx_hal_adc.o
    0x08000950   0x08000950   0x00000002   Code   RO          553    i.BusFault_Handler  stm32f4xx_it.o
    0x08000952   0x08000952   0x00000002   PAD
    0x08000954   0x08000954   0x0000000c   Code   RO          554    i.CAN1_RX0_IRQHandler  stm32f4xx_it.o
    0x08000960   0x08000960   0x0000000c   Code   RO          555    i.CAN2_RX0_IRQHandler  stm32f4xx_it.o
    0x0800096c   0x0800096c   0x00000048   Code   RO         3876    i.CAN_cmd_chassis   can_receive.o
    0x080009b4   0x080009b4   0x0000000c   Code   RO          556    i.DMA2_Stream0_IRQHandler  stm32f4xx_it.o
    0x080009c0   0x080009c0   0x0000000c   Code   RO          557    i.DMA2_Stream2_IRQHandler  stm32f4xx_it.o
    0x080009cc   0x080009cc   0x00000034   Code   RO         1555    i.DMA_CalcBaseAndBitshift  stm32f4xx_hal_dma.o
    0x08000a00   0x08000a00   0x0000007e   Code   RO         1556    i.DMA_CheckFifoParam  stm32f4xx_hal_dma.o
    0x08000a7e   0x08000a7e   0x00000038   Code   RO         1557    i.DMA_SetConfig     stm32f4xx_hal_dma.o
    0x08000ab6   0x08000ab6   0x00000002   Code   RO          558    i.DebugMon_Handler  stm32f4xx_it.o
    0x08000ab8   0x08000ab8   0x00000002   Code   RO          186    i.Error_Handler     main.o
    0x08000aba   0x08000aba   0x00000002   PAD
    0x08000abc   0x08000abc   0x0000018c   Code   RO          721    i.HAL_ADC_ConfigChannel  stm32f4xx_hal_adc.o
    0x08000c48   0x08000c48   0x00000002   Code   RO          722    i.HAL_ADC_ConvCpltCallback  stm32f4xx_hal_adc.o
    0x08000c4a   0x08000c4a   0x00000002   Code   RO          723    i.HAL_ADC_ConvHalfCpltCallback  stm32f4xx_hal_adc.o
    0x08000c4c   0x08000c4c   0x00000002   Code   RO          725    i.HAL_ADC_ErrorCallback  stm32f4xx_hal_adc.o
    0x08000c4e   0x08000c4e   0x00000056   Code   RO          730    i.HAL_ADC_Init      stm32f4xx_hal_adc.o
    0x08000ca4   0x08000ca4   0x0000009c   Code   RO          391    i.HAL_ADC_MspInit   adc.o
    0x08000d40   0x08000d40   0x00000194   Code   RO          737    i.HAL_ADC_Start_DMA  stm32f4xx_hal_adc.o
    0x08000ed4   0x08000ed4   0x00000024   Code   RO         2254    i.HAL_CAN_ActivateNotification  stm32f4xx_hal_can.o
    0x08000ef8   0x08000ef8   0x00000104   Code   RO         2255    i.HAL_CAN_AddTxMessage  stm32f4xx_hal_can.o
    0x08000ffc   0x08000ffc   0x00000128   Code   RO         2256    i.HAL_CAN_ConfigFilter  stm32f4xx_hal_can.o
    0x08001124   0x08001124   0x00000002   Code   RO         2259    i.HAL_CAN_ErrorCallback  stm32f4xx_hal_can.o
    0x08001126   0x08001126   0x0000016c   Code   RO         2262    i.HAL_CAN_GetRxMessage  stm32f4xx_hal_can.o
    0x08001292   0x08001292   0x00000234   Code   RO         2266    i.HAL_CAN_IRQHandler  stm32f4xx_hal_can.o
    0x080014c6   0x080014c6   0x00000168   Code   RO         2267    i.HAL_CAN_Init      stm32f4xx_hal_can.o
    0x0800162e   0x0800162e   0x00000002   PAD
    0x08001630   0x08001630   0x000000fc   Code   RO          433    i.HAL_CAN_MspInit   can.o
    0x0800172c   0x0800172c   0x00000002   Code   RO         2274    i.HAL_CAN_RxFifo0FullCallback  stm32f4xx_hal_can.o
    0x0800172e   0x0800172e   0x00000002   PAD
    0x08001730   0x08001730   0x0000005c   Code   RO         3879    i.HAL_CAN_RxFifo0MsgPendingCallback  can_receive.o
    0x0800178c   0x0800178c   0x00000002   Code   RO         2276    i.HAL_CAN_RxFifo1FullCallback  stm32f4xx_hal_can.o
    0x0800178e   0x0800178e   0x00000002   Code   RO         2277    i.HAL_CAN_RxFifo1MsgPendingCallback  stm32f4xx_hal_can.o
    0x08001790   0x08001790   0x00000002   Code   RO         2278    i.HAL_CAN_SleepCallback  stm32f4xx_hal_can.o
    0x08001792   0x08001792   0x00000064   Code   RO         2279    i.HAL_CAN_Start     stm32f4xx_hal_can.o
    0x080017f6   0x080017f6   0x00000002   Code   RO         2281    i.HAL_CAN_TxMailbox0AbortCallback  stm32f4xx_hal_can.o
    0x080017f8   0x080017f8   0x00000002   Code   RO         2282    i.HAL_CAN_TxMailbox0CompleteCallback  stm32f4xx_hal_can.o
    0x080017fa   0x080017fa   0x00000002   Code   RO         2283    i.HAL_CAN_TxMailbox1AbortCallback  stm32f4xx_hal_can.o
    0x080017fc   0x080017fc   0x00000002   Code   RO         2284    i.HAL_CAN_TxMailbox1CompleteCallback  stm32f4xx_hal_can.o
    0x080017fe   0x080017fe   0x00000002   Code   RO         2285    i.HAL_CAN_TxMailbox2AbortCallback  stm32f4xx_hal_can.o
    0x08001800   0x08001800   0x00000002   Code   RO         2286    i.HAL_CAN_TxMailbox2CompleteCallback  stm32f4xx_hal_can.o
    0x08001802   0x08001802   0x00000002   Code   RO         2288    i.HAL_CAN_WakeUpFromRxMsgCallback  stm32f4xx_hal_can.o
    0x08001804   0x08001804   0x000000a2   Code   RO         1558    i.HAL_DMA_Abort     stm32f4xx_hal_dma.o
    0x080018a6   0x080018a6   0x00000024   Code   RO         1559    i.HAL_DMA_Abort_IT  stm32f4xx_hal_dma.o
    0x080018ca   0x080018ca   0x00000002   PAD
    0x080018cc   0x080018cc   0x000001ec   Code   RO         1563    i.HAL_DMA_IRQHandler  stm32f4xx_hal_dma.o
    0x08001ab8   0x08001ab8   0x000000ec   Code   RO         1564    i.HAL_DMA_Init      stm32f4xx_hal_dma.o
    0x08001ba4   0x08001ba4   0x0000004a   Code   RO         1567    i.HAL_DMA_Start     stm32f4xx_hal_dma.o
    0x08001bee   0x08001bee   0x00000070   Code   RO         1568    i.HAL_DMA_Start_IT  stm32f4xx_hal_dma.o
    0x08001c5e   0x08001c5e   0x00000002   PAD
    0x08001c60   0x08001c60   0x0000024c   Code   RO         1451    i.HAL_GPIO_Init     stm32f4xx_hal_gpio.o
    0x08001eac   0x08001eac   0x0000000e   Code   RO         1455    i.HAL_GPIO_WritePin  stm32f4xx_hal_gpio.o
    0x08001eba   0x08001eba   0x00000002   PAD
    0x08001ebc   0x08001ebc   0x0000000c   Code   RO         1998    i.HAL_GetTick       stm32f4xx_hal.o
    0x08001ec8   0x08001ec8   0x00000010   Code   RO         2004    i.HAL_IncTick       stm32f4xx_hal.o
    0x08001ed8   0x08001ed8   0x00000034   Code   RO         2005    i.HAL_Init          stm32f4xx_hal.o
    0x08001f0c   0x08001f0c   0x00000074   Code   RO          677    i.HAL_InitTick      stm32f4xx_hal_timebase_tim.o
    0x08001f80   0x08001f80   0x00000038   Code   RO          653    i.HAL_MspInit       stm32f4xx_hal_msp.o
    0x08001fb8   0x08001fb8   0x0000001c   Code   RO         1858    i.HAL_NVIC_EnableIRQ  stm32f4xx_hal_cortex.o
    0x08001fd4   0x08001fd4   0x00000068   Code   RO         1864    i.HAL_NVIC_SetPriority  stm32f4xx_hal_cortex.o
    0x0800203c   0x0800203c   0x00000024   Code   RO         1865    i.HAL_NVIC_SetPriorityGrouping  stm32f4xx_hal_cortex.o
    0x08002060   0x08002060   0x0000017c   Code   RO          995    i.HAL_RCC_ClockConfig  stm32f4xx_hal_rcc.o
    0x080021dc   0x080021dc   0x0000003c   Code   RO          999    i.HAL_RCC_GetClockConfig  stm32f4xx_hal_rcc.o
    0x08002218   0x08002218   0x0000000c   Code   RO         1000    i.HAL_RCC_GetHCLKFreq  stm32f4xx_hal_rcc.o
    0x08002224   0x08002224   0x00000020   Code   RO         1002    i.HAL_RCC_GetPCLK1Freq  stm32f4xx_hal_rcc.o
    0x08002244   0x08002244   0x00000020   Code   RO         1003    i.HAL_RCC_GetPCLK2Freq  stm32f4xx_hal_rcc.o
    0x08002264   0x08002264   0x00000070   Code   RO         1004    i.HAL_RCC_GetSysClockFreq  stm32f4xx_hal_rcc.o
    0x080022d4   0x080022d4   0x00000482   Code   RO         1007    i.HAL_RCC_OscConfig  stm32f4xx_hal_rcc.o
    0x08002756   0x08002756   0x00000002   Code   RO         3204    i.HAL_TIMEx_BreakCallback  stm32f4xx_hal_tim_ex.o
    0x08002758   0x08002758   0x00000002   Code   RO         3205    i.HAL_TIMEx_CommutCallback  stm32f4xx_hal_tim_ex.o
    0x0800275a   0x0800275a   0x0000005c   Code   RO         2489    i.HAL_TIM_Base_Init  stm32f4xx_hal_tim.o
    0x080027b6   0x080027b6   0x00000002   Code   RO         2491    i.HAL_TIM_Base_MspInit  stm32f4xx_hal_tim.o
    0x080027b8   0x080027b8   0x0000008a   Code   RO         2494    i.HAL_TIM_Base_Start_IT  stm32f4xx_hal_tim.o
    0x08002842   0x08002842   0x00000002   Code   RO         2523    i.HAL_TIM_IC_CaptureCallback  stm32f4xx_hal_tim.o
    0x08002844   0x08002844   0x00000174   Code   RO         2537    i.HAL_TIM_IRQHandler  stm32f4xx_hal_tim.o
    0x080029b8   0x080029b8   0x00000002   Code   RO         2540    i.HAL_TIM_OC_DelayElapsedCallback  stm32f4xx_hal_tim.o
    0x080029ba   0x080029ba   0x00000002   Code   RO         2567    i.HAL_TIM_PWM_PulseFinishedCallback  stm32f4xx_hal_tim.o
    0x080029bc   0x080029bc   0x00000014   Code   RO          187    i.HAL_TIM_PeriodElapsedCallback  main.o
    0x080029d0   0x080029d0   0x00000002   Code   RO         2580    i.HAL_TIM_TriggerCallback  stm32f4xx_hal_tim.o
    0x080029d2   0x080029d2   0x00000002   Code   RO         3482    i.HAL_UARTEx_RxEventCallback  stm32f4xx_hal_uart.o
    0x080029d4   0x080029d4   0x00000002   Code   RO         3496    i.HAL_UART_ErrorCallback  stm32f4xx_hal_uart.o
    0x080029d6   0x080029d6   0x00000002   PAD
    0x080029d8   0x080029d8   0x00000260   Code   RO         3499    i.HAL_UART_IRQHandler  stm32f4xx_hal_uart.o
    0x08002c38   0x08002c38   0x00000064   Code   RO         3500    i.HAL_UART_Init     stm32f4xx_hal_uart.o
    0x08002c9c   0x08002c9c   0x00000100   Code   RO          506    i.HAL_UART_MspInit  usart.o
    0x08002d9c   0x08002d9c   0x00000002   Code   RO         3506    i.HAL_UART_RxCpltCallback  stm32f4xx_hal_uart.o
    0x08002d9e   0x08002d9e   0x00000002   Code   RO         3511    i.HAL_UART_TxCpltCallback  stm32f4xx_hal_uart.o
    0x08002da0   0x08002da0   0x00000002   Code   RO          559    i.HardFault_Handler  stm32f4xx_it.o
    0x08002da2   0x08002da2   0x00000002   PAD
    0x08002da4   0x08002da4   0x00000078   Code   RO          392    i.MX_ADC1_Init      adc.o
    0x08002e1c   0x08002e1c   0x00000044   Code   RO          434    i.MX_CAN1_Init      can.o
    0x08002e60   0x08002e60   0x00000044   Code   RO          435    i.MX_CAN2_Init      can.o
    0x08002ea4   0x08002ea4   0x0000003c   Code   RO          481    i.MX_DMA_Init       dma.o
    0x08002ee0   0x08002ee0   0x0000003c   Code   RO          340    i.MX_FREERTOS_Init  freertos.o
    0x08002f1c   0x08002f1c   0x000000ec   Code   RO          310    i.MX_GPIO_Init      gpio.o
    0x08003008   0x08003008   0x00000040   Code   RO          507    i.MX_USART1_UART_Init  usart.o
    0x08003048   0x08003048   0x00000038   Code   RO          508    i.MX_USART6_UART_Init  usart.o
    0x08003080   0x08003080   0x00000002   Code   RO          560    i.MemManage_Handler  stm32f4xx_it.o
    0x08003082   0x08003082   0x00000002   Code   RO          561    i.NMI_Handler       stm32f4xx_it.o
    0x08003084   0x08003084   0x00000128   Code   RO         4099    i.PID_calc          pid.o
    0x080031ac   0x080031ac   0x0000005c   Code   RO         4101    i.PID_init          pid.o
    0x08003208   0x08003208   0x00000008   Code   RO          341    i.StartDefaultTask  freertos.o
    0x08003210   0x08003210   0x0000002c   Code   RO         5414    i.SysTick_Handler   port.o
    0x0800323c   0x0800323c   0x00000090   Code   RO          188    i.SystemClock_Config  main.o
    0x080032cc   0x080032cc   0x00000058   Code   RO         3839    i.SystemInit        system_stm32f4xx.o
    0x08003324   0x08003324   0x0000000c   Code   RO          562    i.TIM1_UP_TIM10_IRQHandler  stm32f4xx_it.o
    0x08003330   0x08003330   0x000000cc   Code   RO         2582    i.TIM_Base_SetConfig  stm32f4xx_hal_tim.o
    0x080033fc   0x080033fc   0x00000010   Code   RO         3513    i.UART_DMAAbortOnError  stm32f4xx_hal_uart.o
    0x0800340c   0x0800340c   0x0000004e   Code   RO         3523    i.UART_EndRxTransfer  stm32f4xx_hal_uart.o
    0x0800345a   0x0800345a   0x0000001a   Code   RO         3524    i.UART_EndTransmit_IT  stm32f4xx_hal_uart.o
    0x08003474   0x08003474   0x000000c8   Code   RO         3526    i.UART_Receive_IT   stm32f4xx_hal_uart.o
    0x0800353c   0x0800353c   0x000000fc   Code   RO         3527    i.UART_SetConfig    stm32f4xx_hal_uart.o
    0x08003638   0x08003638   0x0000005e   Code   RO         3530    i.UART_Transmit_IT  stm32f4xx_hal_uart.o
    0x08003696   0x08003696   0x00000002   PAD
    0x08003698   0x08003698   0x00000018   Code   RO          563    i.USART1_IRQHandler  stm32f4xx_it.o
    0x080036b0   0x080036b0   0x0000000c   Code   RO          564    i.USART6_IRQHandler  stm32f4xx_it.o
    0x080036bc   0x080036bc   0x00000002   Code   RO          565    i.UsageFault_Handler  stm32f4xx_it.o
    0x080036be   0x080036be   0x0000000e   Code   RO         5542    i.__scatterload_copy  mc_w.l(handlers.o)
    0x080036cc   0x080036cc   0x00000002   Code   RO         5543    i.__scatterload_null  mc_w.l(handlers.o)
    0x080036ce   0x080036ce   0x0000000e   Code   RO         5544    i.__scatterload_zeroinit  mc_w.l(handlers.o)
    0x080036dc   0x080036dc   0x000000c0   Code   RO         4132    i.calc_distance     psd_adc.o
    0x0800379c   0x0800379c   0x00000024   Code   RO         4133    i.calc_voltage      psd_adc.o
    0x080037c0   0x080037c0   0x00000058   Code   RO         4153    i.can_filter_init   bsp_can.o
    0x08003818   0x08003818   0x0000010c   Code   RO         4025    i.chassis_task      chassis_task.o
    0x08003924   0x08003924   0x00000048   Code   RO           13    i.dbus_uart_init    bsp_uart.o
    0x0800396c   0x0800396c   0x00000014   Code   RO         3880    i.get_chassis_motor_measure_point  can_receive.o
    0x08003980   0x08003980   0x00000008   Code   RO           15    i.get_remote_control_point  bsp_uart.o
    0x08003988   0x08003988   0x00000024   Code   RO          311    i.led_off           gpio.o
    0x080039ac   0x080039ac   0x0000005c   Code   RO          189    i.main              main.o
    0x08003a08   0x08003a08   0x0000000c   Code   RO         4979    i.makeFreeRtosPriority  cmsis_os.o
    0x08003a14   0x08003a14   0x00000010   Code   RO         4981    i.osDelay           cmsis_os.o
    0x08003a24   0x08003a24   0x0000000a   Code   RO         4984    i.osKernelStart     cmsis_os.o
    0x08003a2e   0x08003a2e   0x0000005c   Code   RO         5018    i.osThreadCreate    cmsis_os.o
    0x08003a8a   0x08003a8a   0x00000002   PAD
    0x08003a8c   0x08003a8c   0x00000078   Code   RO         4650    i.prvAddCurrentTaskToDelayedList  tasks.o
    0x08003b04   0x08003b04   0x00000088   Code   RO         4651    i.prvAddNewTaskToReadyList  tasks.o
    0x08003b8c   0x08003b8c   0x00000040   Code   RO         4652    i.prvCheckTasksWaitingTermination  tasks.o
    0x08003bcc   0x08003bcc   0x00000040   Code   RO         4653    i.prvDeleteTCB      tasks.o
    0x08003c0c   0x08003c0c   0x00000050   Code   RO         5346    i.prvHeapInit       heap_4.o
    0x08003c5c   0x08003c5c   0x00000028   Code   RO         4654    i.prvIdleTask       tasks.o
    0x08003c84   0x08003c84   0x0000007e   Code   RO         4655    i.prvInitialiseNewTask  tasks.o
    0x08003d02   0x08003d02   0x00000002   PAD
    0x08003d04   0x08003d04   0x00000060   Code   RO         4656    i.prvInitialiseTaskLists  tasks.o
    0x08003d64   0x08003d64   0x0000005c   Code   RO         5347    i.prvInsertBlockIntoFreeList  heap_4.o
    0x08003dc0   0x08003dc0   0x00000024   Code   RO         4657    i.prvResetNextTaskUnblockTime  tasks.o
    0x08003de4   0x08003de4   0x00000030   Code   RO         5415    i.prvTaskExitError  port.o
    0x08003e14   0x08003e14   0x000000e8   Code   RO         5348    i.pvPortMalloc      heap_4.o
    0x08003efc   0x08003efc   0x0000002c   Code   RO         5416    i.pxPortInitialiseStack  port.o
    0x08003f28   0x08003f28   0x0000008c   Code   RO           16    i.rc_callback_handler  bsp_uart.o
    0x08003fb4   0x08003fb4   0x00000060   Code   RO           17    i.uart_receive_handler  bsp_uart.o
    0x08004014   0x08004014   0x00000026   Code   RO         4279    i.uxListRemove      list.o
    0x0800403a   0x0800403a   0x00000002   PAD
    0x0800403c   0x0800403c   0x00000014   Code   RO          342    i.vApplicationGetIdleTaskMemory  freertos.o
    0x08004050   0x08004050   0x00000016   Code   RO         4280    i.vListInitialise   list.o
    0x08004066   0x08004066   0x00000006   Code   RO         4281    i.vListInitialiseItem  list.o
    0x0800406c   0x0800406c   0x00000036   Code   RO         4282    i.vListInsert       list.o
    0x080040a2   0x080040a2   0x00000018   Code   RO         4283    i.vListInsertEnd    list.o
    0x080040ba   0x080040ba   0x00000002   PAD
    0x080040bc   0x080040bc   0x00000040   Code   RO         5418    i.vPortEnterCritical  port.o
    0x080040fc   0x080040fc   0x0000002c   Code   RO         5419    i.vPortExitCritical  port.o
    0x08004128   0x08004128   0x00000064   Code   RO         5349    i.vPortFree         heap_4.o
    0x0800418c   0x0800418c   0x00000024   Code   RO         5420    i.vPortSetupTimerInterrupt  port.o
    0x080041b0   0x080041b0   0x00000050   Code   RO         4666    i.vTaskDelay        tasks.o
    0x08004200   0x08004200   0x00000088   Code   RO         4679    i.vTaskStartScheduler  tasks.o
    0x08004288   0x08004288   0x00000010   Code   RO         4681    i.vTaskSuspendAll   tasks.o
    0x08004298   0x08004298   0x00000060   Code   RO         4682    i.vTaskSwitchContext  tasks.o
    0x080042f8   0x080042f8   0x00000104   Code   RO         5422    i.xPortStartScheduler  port.o
    0x080043fc   0x080043fc   0x0000006c   Code   RO         4685    i.xTaskCreate       tasks.o
    0x08004468   0x08004468   0x00000060   Code   RO         4686    i.xTaskCreateStatic  tasks.o
    0x080044c8   0x080044c8   0x000000d4   Code   RO         4693    i.xTaskIncrementTick  tasks.o
    0x0800459c   0x0800459c   0x000000cc   Code   RO         4699    i.xTaskResumeAll    tasks.o
    0x08004668   0x08004668   0x00000038   Data   RO          344    .constdata          freertos.o
    0x080046a0   0x080046a0   0x00000008   Data   RO         1570    .constdata          stm32f4xx_hal_dma.o
    0x080046a8   0x080046a8   0x00000010   Data   RO         3840    .constdata          system_stm32f4xx.o
    0x080046b8   0x080046b8   0x00000008   Data   RO         3841    .constdata          system_stm32f4xx.o
    0x080046c0   0x080046c0   0x0000000c   Data   RO         4027    .constdata          chassis_task.o
    0x080046cc   0x080046cc   0x00000018   Data   RO          345    .conststring        freertos.o
    0x080046e4   0x080046e4   0x00000020   Data   RO         5540    Region$$Table       anon$$obj.o


    Execution Region RW_IRAM1 (Exec base: 0x20000000, Load base: 0x08004704, Size: 0x000047e0, Max: 0x00030000, ABSOLUTE)

    Exec Addr    Load Addr    Size         Type   Attr      Idx    E Section Name        Object

    0x20000000   0x08004704   0x00000004   Data   RW          192    .data               main.o
    0x20000004   0x08004708   0x00000008   Data   RW          346    .data               freertos.o
    0x2000000c   0x08004710   0x00000004   Data   RW          437    .data               can.o
    0x20000010   0x08004714   0x0000000c   Data   RW         2012    .data               stm32f4xx_hal.o
    0x2000001c   0x08004720   0x00000004   Data   RW         3842    .data               system_stm32f4xx.o
    0x20000020   0x08004724   0x00000011   Data   RW         3885    .data               can_receive.o
    0x20000031   0x08004735   0x00000003   PAD
    0x20000034   0x08004738   0x00000010   Data   RW         4028    .data               chassis_task.o
    0x20000044   0x08004748   0x0000003c   Data   RW         4702    .data               tasks.o
    0x20000080   0x08004784   0x00000020   Data   RW         5355    .data               heap_4.o
    0x200000a0   0x080047a4   0x0000000c   Data   RW         5423    .data               port.o
    0x200000ac        -       0x0000001c   Zero   RW           18    .bss                bsp_uart.o
    0x200000c8        -       0x00000254   Zero   RW          343    .bss                freertos.o
    0x2000031c        -       0x000000a8   Zero   RW          393    .bss                adc.o
    0x200003c4        -       0x00000050   Zero   RW          436    .bss                can.o
    0x20000414        -       0x000000e8   Zero   RW          509    .bss                usart.o
    0x200004fc        -       0x00000048   Zero   RW          680    .bss                stm32f4xx_hal_timebase_tim.o
    0x20000544        -       0x00000078   Zero   RW         3884    .bss                can_receive.o
    0x200005bc        -       0x00000134   Zero   RW         4026    .bss                chassis_task.o
    0x200006f0        -       0x000000f0   Zero   RW         4701    .bss                tasks.o
    0x200007e0        -       0x00003c00   Zero   RW         5354    .bss                heap_4.o
    0x200043e0        -       0x00000400   Zero   RW            1    STACK               startup_stm32f427xx.o


==============================================================================

Image component sizes


      Code (inc. data)   RO Data    RW Data    ZI Data      Debug   Object Name

       276         36          0          0        168       1827   adc.o
        88          8          0          0          0        598   bsp_can.o
       316         22          0          0         28     769494   bsp_uart.o
       388         40          0          4         80       2522   can.o
       184         26          0         17        120     614818   can_receive.o
       268         38         12         16        308       3393   chassis_task.o
       130          0          0          0          0      23203   cmsis_os.o
        60          4          0          0          0        794   dma.o
         0          0          0          0          0      16948   event_groups.o
        88         12         80          8        596       2628   freertos.o
       272         26          0          0          0       1581   gpio.o
       504         32          0         32      15360       7691   heap_4.o
       144          0          0          0          0       3682   list.o
       258         26          0          4          0      35894   main.o
       388          8          0          0          0       1902   pid.o
       730         82          0         12          0      11284   port.o
       228         66          0          0          0       1263   psd_adc.o
        36          8        428          0       1024        852   startup_stm32f427xx.o
        80         14          0         12          0       8322   stm32f4xx_hal.o
      1344         60          0          0          0       7709   stm32f4xx_hal_adc.o
      2004          6          0          0          0      15319   stm32f4xx_hal_can.o
       168         12          0          0          0      32910   stm32f4xx_hal_cortex.o
      1346         18          8          0          0       8526   stm32f4xx_hal_dma.o
       602         24          0          0          0       2424   stm32f4xx_hal_gpio.o
        56          4          0          0          0        870   stm32f4xx_hal_msp.o
      1782        112          0          0          0       7313   stm32f4xx_hal_rcc.o
       816         22          0          0          0       6746   stm32f4xx_hal_tim.o
         4          0          0          0          0       1617   stm32f4xx_hal_tim_ex.o
       116         16          0          0         72       1443   stm32f4xx_hal_timebase_tim.o
      1382          8          0          0          0       9844   stm32f4xx_hal_uart.o
       108         42          0          0          0       6252   stm32f4xx_it.o
        88         24         24          4          0       1207   system_stm32f4xx.o
      1630        142          0         60        240      20977   tasks.o
       376         50          0          0        232       2534   usart.o

    ----------------------------------------------------------------------
     16290        988        584        172      18228    1634387   Object Totals
         0          0         32          0          0          0   (incl. Generated)
        30          0          0          3          0          0   (incl. Padding)

    ----------------------------------------------------------------------

      Code (inc. data)   RO Data    RW Data    ZI Data      Debug   Library Member Name

         0          0          0          0          0          0   entry.o
         0          0          0          0          0          0   entry10a.o
         0          0          0          0          0          0   entry11a.o
         4          0          0          0          0          0   entry12b.o
         8          4          0          0          0          0   entry2.o
         4          0          0          0          0          0   entry5.o
         0          0          0          0          0          0   entry7b.o
         0          0          0          0          0          0   entry8b.o
         8          4          0          0          0          0   entry9a.o
        30          0          0          0          0          0   handlers.o
        36          8          0          0          0         68   init.o
         0          0          0          0          0          0   iusefp.o
        30          0          0          0          0         68   llshl.o
        36          0          0          0          0         68   llsshr.o
        32          0          0          0          0         68   llushr.o
        36          0          0          0          0         68   memcpya.o
        36          0          0          0          0        108   memseta.o
        98          0          0          0          0         92   uldiv.o
        56          0          0          0          0         88   d2f.o
       334          0          0          0          0        148   dadd.o
       222          0          0          0          0        100   ddiv.o
       186          0          0          0          0        176   depilogue.o
        38          0          0          0          0         68   f2d.o
       110          0          0          0          0        168   fepilogue.o

    ----------------------------------------------------------------------
      1306         16          0          0          0       1288   Library Totals
         2          0          0          0          0          0   (incl. Padding)

    ----------------------------------------------------------------------

      Code (inc. data)   RO Data    RW Data    ZI Data      Debug   Library Name

       358         16          0          0          0        540   mc_w.l
       946          0          0          0          0        748   mf_w.l

    ----------------------------------------------------------------------
      1306         16          0          0          0       1288   Library Totals

    ----------------------------------------------------------------------

==============================================================================


      Code (inc. data)   RO Data    RW Data    ZI Data      Debug   

     17596       1004        584        172      18228    1620559   Grand Totals
     17596       1004        584        172      18228    1620559   ELF Image Totals
     17596       1004        584        172          0          0   ROM Totals

==============================================================================

    Total RO  Size (Code + RO Data)                18180 (  17.75kB)
    Total RW  Size (RW Data + ZI Data)             18400 (  17.97kB)
    Total ROM Size (Code + RO Data + RW Data)      18352 (  17.92kB)

==============================================================================

